../Drivers/BSP/Components/lis2mdl/lis2mdl.c:86:9:LIS2MDL_RegisterBusIO	24	static
../Drivers/BSP/Components/lis2mdl/lis2mdl.c:159:9:LIS2MDL_Init	32	static
../Drivers/BSP/Components/lis2mdl/lis2mdl.c:235:9:LIS2MDL_DeInit	16	static
../Drivers/BSP/Components/lis2mdl/lis2mdl.c:254:9:LIS2MDL_ReadID	16	static
../Drivers/BSP/Components/lis2mdl/lis2mdl.c:280:9:LIS2MDL_GetCapabilities	16	static
../Drivers/BSP/Components/lis2mdl/lis2mdl.c:303:9:LIS2MDL_MAG_Enable	24	static
../Drivers/BSP/Components/lis2mdl/lis2mdl.c:349:9:LIS2MDL_MAG_Disable	24	static
../Drivers/BSP/Components/lis2mdl/lis2mdl.c:396:9:LIS2MDL_MAG_GetSensitivity	16	static
../Drivers/BSP/Components/lis2mdl/lis2mdl.c:409:9:LIS2MDL_MAG_GetOutputDataRate	24	static
../Drivers/BSP/Components/lis2mdl/lis2mdl.c:452:9:LIS2MDL_MAG_SetOutputDataRate	32	static
../Drivers/BSP/Components/lis2mdl/lis2mdl.c:497:9:LIS2MDL_MAG_GetFullScale	16	static
../Drivers/BSP/Components/lis2mdl/lis2mdl.c:510:9:LIS2MDL_MAG_SetFullScale	16	static
../Drivers/BSP/Components/lis2mdl/lis2mdl.c:521:9:LIS2MDL_MAG_GetAxesRaw	24	static
../Drivers/BSP/Components/lis2mdl/lis2mdl.c:545:9:LIS2MDL_MAG_GetAxes	48	static
../Drivers/BSP/Components/lis2mdl/lis2mdl.c:592:9:LIS2MDL_Read_Reg	24	static
../Drivers/BSP/Components/lis2mdl/lis2mdl.c:619:9:LIS2MDL_Write_Reg	16	static
../Drivers/BSP/Components/lis2mdl/lis2mdl.c:645:9:LIS2MDL_MAG_Set_SelfTest	16	static
../Drivers/BSP/Components/lis2mdl/lis2mdl.c:661:9:LIS2MDL_MAG_Get_DRDY_Status	24	static
../Drivers/BSP/Components/lis2mdl/lis2mdl.c:690:9:LIS2MDL_MAG_Get_Init_Status	16	static
../Drivers/BSP/Components/lis2mdl/lis2mdl.c:708:9:LIS2MDL_MAG_Set_Filter_Mode	16	static
../Drivers/BSP/Components/lis2mdl/lis2mdl.c:724:9:LIS2MDL_MAG_Set_Power_Mode	16	static
../Drivers/BSP/Components/lis2mdl/lis2mdl.c:750:16:ReadMagRegWrap	48	static
../Drivers/BSP/Components/lis2mdl/lis2mdl.c:778:16:WriteMagRegWrap	48	static
../Drivers/BSP/Components/lis2mdl/lis2mdl.c:806:16:LSM6DSOX_SENSORHUB_LIS2MDL_ReadShData	64	static
../Drivers/BSP/Components/lis2mdl/lis2mdl.c:939:16:LSM6DSOX_SENSORHUB_LIS2MDL_WriteShData	64	static
