../Drivers/BSP/Components/stts751/stts751.c:79:9:STTS751_RegisterBusIO	24	static
../Drivers/BSP/Components/stts751/stts751.c:119:9:STTS751_Init	16	static
../Drivers/BSP/Components/stts751/stts751.c:155:9:STTS751_DeInit	16	static
../Drivers/BSP/Components/stts751/stts751.c:177:9:STTS751_ReadID	24	static
../Drivers/BSP/Components/stts751/stts751.c:197:9:STTS751_GetCapabilities	16	static
../Drivers/BSP/Components/stts751/stts751.c:218:9:STTS751_Get_Init_Status	16	static
../Drivers/BSP/Components/stts751/stts751.c:235:9:STTS751_TEMP_Enable	16	static
../Drivers/BSP/Components/stts751/stts751.c:259:9:STTS751_TEMP_Disable	16	static
../Drivers/BSP/Components/stts751/stts751.c:290:9:STTS751_TEMP_GetOutputDataRate	24	static
../Drivers/BSP/Components/stts751/stts751.c:361:9:STTS751_TEMP_SetOutputDataRate	24	static
../Drivers/BSP/Components/stts751/stts751.c:417:9:STTS751_TEMP_GetTemperature	24	static
../Drivers/BSP/Components/stts751/stts751.c:438:9:STTS751_TEMP_Get_DRDY_Status	24	static
../Drivers/BSP/Components/stts751/stts751.c:465:9:STTS751_TEMP_SetHighTemperatureThreshold	32	static
../Drivers/BSP/Components/stts751/stts751.c:486:9:STTS751_TEMP_SetLowTemperatureThreshold	32	static
../Drivers/BSP/Components/stts751/stts751.c:509:9:STTS751_TEMP_GetTemperatureLimitStatus	32	static
../Drivers/BSP/Components/stts751/stts751.c:544:9:STTS751_TEMP_SetEventPin	24	static
../Drivers/BSP/Components/stts751/stts751.c:567:9:STTS751_Read_Reg	32	static
../Drivers/BSP/Components/stts751/stts751.c:584:9:STTS751_Write_Reg	16	static
../Drivers/BSP/Components/stts751/stts751.c:599:9:STTS751_Set_One_Shot	16	static
../Drivers/BSP/Components/stts751/stts751.c:616:9:STTS751_Get_One_Shot_Status	24	static
../Drivers/BSP/Components/stts751/stts751.c:654:16:ReadRegWrap	48	static
../Drivers/BSP/Components/stts751/stts751.c:683:16:WriteRegWrap	48	static
