../MEMS/Target/motion_fx_manager.c:55:6:MotionFX_manager_init	32	static
../MEMS/Target/motion_fx_manager.c:82:6:MotionFX_manager_run	24	static
../MEMS/Target/motion_fx_manager.c:99:6:MotionFX_manager_start_6X	8	static
../MEMS/Target/motion_fx_manager.c:109:6:MotionFX_manager_stop_6X	8	static
../MEMS/Target/motion_fx_manager.c:119:6:MotionFX_manager_start_9X	8	static
../MEMS/Target/motion_fx_manager.c:129:6:MotionFX_manager_stop_9X	8	static
../MEMS/Target/motion_fx_manager.c:140:6:MotionFX_manager_get_version	16	static
../MEMS/Target/motion_fx_manager.c:150:6:MotionFX_manager_MagCal_run	16	static
../MEMS/Target/motion_fx_manager.c:161:6:MotionFX_manager_MagCal_start	16	static
../MEMS/Target/motion_fx_manager.c:171:6:MotionFX_manager_MagCal_stop	16	static
../MEMS/Target/motion_fx_manager.c:182:6:MotionFX_LoadMagCalFromNVM	16	static
../MEMS/Target/motion_fx_manager.c:193:6:MotionFX_SaveMagCalInNVM	16	static
