Archive member included to satisfy reference by file (symbol)

../Middlewares/ST/STM32_MotionFX_Library/Lib\MotionFX_CM0P_wc32_ot.a(motion_fx_cm0p.o)
                              ./MEMS/Target/motion_fx_manager.o (MotionFX_CM0P_initialize)
c:/st/stm32cubeide_1.10.1/stm32cubeide/plugins/com.st.stm32cube.ide.mcu.externaltools.gnu-tools-for-stm32.10.3-2021.10.win32_1.0.0.202111181127/tools/bin/../lib/gcc/arm-none-eabi/10.3.1/../../../../arm-none-eabi/lib/thumb/v6-m/nofp\libc_nano.a(lib_a-errno.o)
                              ./Core/Src/syscalls.o (__errno)
c:/st/stm32cubeide_1.10.1/stm32cubeide/plugins/com.st.stm32cube.ide.mcu.externaltools.gnu-tools-for-stm32.10.3-2021.10.win32_1.0.0.202111181127/tools/bin/../lib/gcc/arm-none-eabi/10.3.1/../../../../arm-none-eabi/lib/thumb/v6-m/nofp\libc_nano.a(lib_a-exit.o)
                              c:/st/stm32cubeide_1.10.1/stm32cubeide/plugins/com.st.stm32cube.ide.mcu.externaltools.gnu-tools-for-stm32.10.3-2021.10.win32_1.0.0.202111181127/tools/bin/../lib/gcc/arm-none-eabi/10.3.1/../../../../arm-none-eabi/lib/thumb/v6-m/nofp/crt0.o (exit)
c:/st/stm32cubeide_1.10.1/stm32cubeide/plugins/com.st.stm32cube.ide.mcu.externaltools.gnu-tools-for-stm32.10.3-2021.10.win32_1.0.0.202111181127/tools/bin/../lib/gcc/arm-none-eabi/10.3.1/../../../../arm-none-eabi/lib/thumb/v6-m/nofp\libc_nano.a(lib_a-impure.o)
                              c:/st/stm32cubeide_1.10.1/stm32cubeide/plugins/com.st.stm32cube.ide.mcu.externaltools.gnu-tools-for-stm32.10.3-2021.10.win32_1.0.0.202111181127/tools/bin/../lib/gcc/arm-none-eabi/10.3.1/../../../../arm-none-eabi/lib/thumb/v6-m/nofp\libc_nano.a(lib_a-exit.o) (_global_impure_ptr)
c:/st/stm32cubeide_1.10.1/stm32cubeide/plugins/com.st.stm32cube.ide.mcu.externaltools.gnu-tools-for-stm32.10.3-2021.10.win32_1.0.0.202111181127/tools/bin/../lib/gcc/arm-none-eabi/10.3.1/../../../../arm-none-eabi/lib/thumb/v6-m/nofp\libc_nano.a(lib_a-init.o)
                              c:/st/stm32cubeide_1.10.1/stm32cubeide/plugins/com.st.stm32cube.ide.mcu.externaltools.gnu-tools-for-stm32.10.3-2021.10.win32_1.0.0.202111181127/tools/bin/../lib/gcc/arm-none-eabi/10.3.1/../../../../arm-none-eabi/lib/thumb/v6-m/nofp/crt0.o (__libc_init_array)
c:/st/stm32cubeide_1.10.1/stm32cubeide/plugins/com.st.stm32cube.ide.mcu.externaltools.gnu-tools-for-stm32.10.3-2021.10.win32_1.0.0.202111181127/tools/bin/../lib/gcc/arm-none-eabi/10.3.1/../../../../arm-none-eabi/lib/thumb/v6-m/nofp\libc_nano.a(lib_a-memcpy-stub.o)
                              ./MEMS/App/app_mems.o (memcpy)
c:/st/stm32cubeide_1.10.1/stm32cubeide/plugins/com.st.stm32cube.ide.mcu.externaltools.gnu-tools-for-stm32.10.3-2021.10.win32_1.0.0.202111181127/tools/bin/../lib/gcc/arm-none-eabi/10.3.1/../../../../arm-none-eabi/lib/thumb/v6-m/nofp\libc_nano.a(lib_a-memset.o)
                              c:/st/stm32cubeide_1.10.1/stm32cubeide/plugins/com.st.stm32cube.ide.mcu.externaltools.gnu-tools-for-stm32.10.3-2021.10.win32_1.0.0.202111181127/tools/bin/../lib/gcc/arm-none-eabi/10.3.1/../../../../arm-none-eabi/lib/thumb/v6-m/nofp/crt0.o (memset)
c:/st/stm32cubeide_1.10.1/stm32cubeide/plugins/com.st.stm32cube.ide.mcu.externaltools.gnu-tools-for-stm32.10.3-2021.10.win32_1.0.0.202111181127/tools/bin/../lib/gcc/arm-none-eabi/10.3.1/../../../../arm-none-eabi/lib/thumb/v6-m/nofp\libc_nano.a(lib_a-snprintf.o)
                              ./MEMS/Target/demo_serial.o (snprintf)
c:/st/stm32cubeide_1.10.1/stm32cubeide/plugins/com.st.stm32cube.ide.mcu.externaltools.gnu-tools-for-stm32.10.3-2021.10.win32_1.0.0.202111181127/tools/bin/../lib/gcc/arm-none-eabi/10.3.1/../../../../arm-none-eabi/lib/thumb/v6-m/nofp\libc_nano.a(lib_a-nano-svfprintf.o)
                              c:/st/stm32cubeide_1.10.1/stm32cubeide/plugins/com.st.stm32cube.ide.mcu.externaltools.gnu-tools-for-stm32.10.3-2021.10.win32_1.0.0.202111181127/tools/bin/../lib/gcc/arm-none-eabi/10.3.1/../../../../arm-none-eabi/lib/thumb/v6-m/nofp\libc_nano.a(lib_a-snprintf.o) (_svfprintf_r)
c:/st/stm32cubeide_1.10.1/stm32cubeide/plugins/com.st.stm32cube.ide.mcu.externaltools.gnu-tools-for-stm32.10.3-2021.10.win32_1.0.0.202111181127/tools/bin/../lib/gcc/arm-none-eabi/10.3.1/../../../../arm-none-eabi/lib/thumb/v6-m/nofp\libc_nano.a(lib_a-nano-vfprintf_i.o)
                              c:/st/stm32cubeide_1.10.1/stm32cubeide/plugins/com.st.stm32cube.ide.mcu.externaltools.gnu-tools-for-stm32.10.3-2021.10.win32_1.0.0.202111181127/tools/bin/../lib/gcc/arm-none-eabi/10.3.1/../../../../arm-none-eabi/lib/thumb/v6-m/nofp\libc_nano.a(lib_a-nano-svfprintf.o) (_printf_i)
c:/st/stm32cubeide_1.10.1/stm32cubeide/plugins/com.st.stm32cube.ide.mcu.externaltools.gnu-tools-for-stm32.10.3-2021.10.win32_1.0.0.202111181127/tools/bin/../lib/gcc/arm-none-eabi/10.3.1/../../../../arm-none-eabi/lib/thumb/v6-m/nofp\libc_nano.a(lib_a-memchr-stub.o)
[...]
Memory Configuration

Name             Origin             Length             Attributes
RAM              0x0000000020000000 0x0000000000005000 xrw
FLASH            0x0000000008000000 0x0000000000030000 xr
*default*        0x0000000000000000 0xffffffffffffffff

Linker script and memory map

LOAD c:/st/stm32cubeide_1.10.1/stm32cubeide/plugins/com.st.stm32cube.ide.mcu.externaltools.gnu-tools-for-stm32.10.3-2021.10.win32_1.0.0.202111181127/tools/bin/../lib/gcc/arm-none-eabi/10.3.1/thumb/v6-m/nofp/crti.o
LOAD c:/st/stm32cubeide_1.10.1/stm32cubeide/plugins/com.st.stm32cube.ide.mcu.externaltools.gnu-tools-for-stm32.10.3-2021.10.win32_1.0.0.202111181127/tools/bin/../lib/gcc/arm-none-eabi/10.3.1/thumb/v6-m/nofp/crtbegin.o
LOAD c:/st/stm32cubeide_1.10.1/stm32cubeide/plugins/com.st.stm32cube.ide.mcu.externaltools.gnu-tools-for-stm32.10.3-2021.10.win32_1.0.0.202111181127/tools/bin/../lib/gcc/arm-none-eabi/10.3.1/../../../../arm-none-eabi/lib/thumb/v6-m/nofp/crt0.o
LOAD ./Core/Src/main.o
LOAD ./Core/Src/stm32l0xx_hal_msp.o
LOAD ./Core/Src/stm32l0xx_it.o
LOAD ./Core/Src/stm32l0xx_nucleo_bus.o
LOAD ./Core/Src/syscalls.o
LOAD ./Core/Src/sysmem.o
LOAD ./Core/Src/system_stm32l0xx.o
LOAD ./Core/Startup/startup_stm32l073rztx.o
LOAD ./Drivers/BSP/Components/hts221/hts221.o
LOAD ./Drivers/BSP/Components/hts221/hts221_reg.o
LOAD ./Drivers/BSP/Components/lis2dw12/lis2dw12.o
LOAD ./Drivers/BSP/Components/lis2dw12/lis2dw12_reg.o
LOAD ./Drivers/BSP/Components/lis2mdl/lis2mdl.o
LOAD ./Drivers/BSP/Components/lis2mdl/lis2mdl_reg.o
LOAD ./Drivers/BSP/Components/lps22hh/lps22hh.o
LOAD ./Drivers/BSP/Components/lps22hh/lps22hh_reg.o
LOAD ./Drivers/BSP/Components/lsm6dso/lsm6dso.o
LOAD ./Drivers/BSP/Components/lsm6dso/lsm6dso_reg.o
LOAD ./Drivers/BSP/Components/stts751/stts751.o
LOAD ./Drivers/BSP/Components/stts751/stts751_reg.o
LOAD ./Drivers/BSP/IKS01A3/iks01a3_env_sensors.o
LOAD ./Drivers/BSP/IKS01A3/iks01a3_env_sensors_ex.o
LOAD ./Drivers/BSP/IKS01A3/iks01a3_motion_sensors.o
LOAD ./Drivers/BSP/IKS01A3/iks01a3_motion_sensors_ex.o
LOAD ./Drivers/BSP/STM32L0xx_Nucleo/stm32l0xx_nucleo.o
LOAD ./Drivers/STM32L0xx_HAL_Driver/Src/stm32l0xx_hal.o
LOAD ./Drivers/STM32L0xx_HAL_Driver/Src/stm32l0xx_hal_adc.o
LOAD ./Drivers/STM32L0xx_HAL_Driver/Src/stm32l0xx_hal_adc_ex.o
LOAD ./Drivers/STM32L0xx_HAL_Driver/Src/stm32l0xx_hal_cortex.o
LOAD ./Drivers/STM32L0xx_HAL_Driver/Src/stm32l0xx_hal_crc.o
LOAD ./Drivers/STM32L0xx_HAL_Driver/Src/stm32l0xx_hal_crc_ex.o
LOAD ./Drivers/STM32L0xx_HAL_Driver/Src/stm32l0xx_hal_dma.o
LOAD ./Drivers/STM32L0xx_HAL_Driver/Src/stm32l0xx_hal_exti.o
LOAD ./Drivers/STM32L0xx_HAL_Driver/Src/stm32l0xx_hal_flash.o
LOAD ./Drivers/STM32L0xx_HAL_Driver/Src/stm32l0xx_hal_flash_ex.o
LOAD ./Drivers/STM32L0xx_HAL_Driver/Src/stm32l0xx_hal_flash_ramfunc.o
LOAD ./Drivers/STM32L0xx_HAL_Driver/Src/stm32l0xx_hal_gpio.o
LOAD ./Drivers/STM32L0xx_HAL_Driver/Src/stm32l0xx_hal_i2c.o
LOAD ./Drivers/STM32L0xx_HAL_Driver/Src/stm32l0xx_hal_i2c_ex.o
LOAD ./Drivers/STM32L0xx_HAL_Driver/Src/stm32l0xx_hal_pwr.o
LOAD ./Drivers/STM32L0xx_HAL_Driver/Src/stm32l0xx_hal_pwr_ex.o
LOAD ./Drivers/STM32L0xx_HAL_Driver/Src/stm32l0xx_hal_rcc.o
LOAD ./Drivers/STM32L0xx_HAL_Driver/Src/stm32l0xx_hal_rcc_ex.o
LOAD ./Drivers/STM32L0xx_HAL_Driver/Src/stm32l0xx_hal_rtc.o
LOAD ./Drivers/STM32L0xx_HAL_Driver/Src/stm32l0xx_hal_rtc_ex.o
LOAD ./Drivers/STM32L0xx_HAL_Driver/Src/stm32l0xx_hal_tim.o
LOAD ./Drivers/STM32L0xx_HAL_Driver/Src/stm32l0xx_hal_tim_ex.o
LOAD ./Drivers/STM32L0xx_HAL_Driver/Src/stm32l0xx_hal_uart.o
LOAD ./Drivers/STM32L0xx_HAL_Driver/Src/stm32l0xx_hal_uart_ex.o
LOAD ./MEMS/App/app_mems.o
LOAD ./MEMS/Target/com.o
LOAD ./MEMS/Target/demo_serial.o
LOAD ./MEMS/Target/iks01a3_mems_control.o
LOAD ./MEMS/Target/iks01a3_mems_control_ex.o
LOAD ./MEMS/Target/motion_fx_manager.o
LOAD ./MEMS/Target/serial_protocol.o
LOAD ../Middlewares/ST/STM32_MotionFX_Library/Lib\MotionFX_CM0P_wc32_ot.a
START GROUP
LOAD c:/st/stm32cubeide_1.10.1/stm32cubeide/plugins/com.st.stm32cube.ide.mcu.externaltools.gnu-tools-for-stm32.10.3-2021.10.win32_1.0.0.202111181127/tools/bin/../lib/gcc/arm-none-eabi/10.3.1/../../../../arm-none-eabi/lib/thumb/v6-m/nofp\libc_nano.a
LOAD c:/st/stm32cubeide_1.10.1/stm32cubeide/plugins/com.st.stm32cube.ide.mcu.externaltools.gnu-tools-for-stm32.10.3-2021.10.win32_1.0.0.202111181127/tools/bin/../lib/gcc/arm-none-eabi/10.3.1/../../../../arm-none-eabi/lib/thumb/v6-m/nofp\libm.a
END GROUP
START GROUP
LOAD c:/st/stm32cubeide_1.10.1/stm32cubeide/plugins/com.st.stm32cube.ide.mcu.externaltools.gnu-tools-for-stm32.10.3-2021.10.win32_1.0.0.202111181127/tools/bin/../lib/gcc/arm-none-eabi/10.3.1/thumb/v6-m/nofp\libgcc.a
LOAD c:/st/stm32cubeide_1.10.1/stm32cubeide/plugins/com.st.stm32cube.ide.mcu.externaltools.gnu-tools-for-stm32.10.3-2021.10.win32_1.0.0.202111181127/tools/bin/../lib/gcc/arm-none-eabi/10.3.1/../../../../arm-none-eabi/lib/thumb/v6-m/nofp\libc_nano.a
END GROUP
START GROUP
LOAD c:/st/stm32cubeide_1.10.1/stm32cubeide/plugins/com.st.stm32cube.ide.mcu.externaltools.gnu-tools-for-stm32.10.3-2021.10.win32_1.0.0.202111181127/tools/bin/../lib/gcc/arm-none-eabi/10.3.1/thumb/v6-m/nofp\libgcc.a
LOAD c:/st/stm32cubeide_1.10.1/stm32cubeide/plugins/com.st.stm32cube.ide.mcu.externaltools.gnu-tools-for-stm32.10.3-2021.10.win32_1.0.0.202111181127/tools/bin/../lib/gcc/arm-none-eabi/10.3.1/../../../../arm-none-eabi/lib/thumb/v6-m/nofp\libc_nano.a
LOAD c:/st/stm32cubeide_1.10.1/stm32cubeide/plugins/com.st.stm32cube.ide.mcu.externaltools.gnu-tools-for-stm32.10.3-2021.10.win32_1.0.0.202111181127/tools/bin/../lib/gcc/arm-none-eabi/10.3.1/../../../../arm-none-eabi/lib/thumb/v6-m/nofp\libnosys.a
END GROUP
START GROUP
LOAD c:/st/stm32cubeide_1.10.1/stm32cubeide/plugins/com.st.stm32cube.ide.mcu.externaltools.gnu-tools-for-stm32.10.3-2021.10.win32_1.0.0.202111181127/tools/bin/../lib/gcc/arm-none-eabi/10.3.1/thumb/v6-m/nofp\libgcc.a
LOAD c:/st/stm32cubeide_1.10.1/stm32cubeide/plugins/com.st.stm32cube.ide.mcu.externaltools.gnu-tools-for-stm32.10.3-2021.10.win32_1.0.0.202111181127/tools/bin/../lib/gcc/arm-none-eabi/10.3.1/../../../../arm-none-eabi/lib/thumb/v6-m/nofp\libc_nano.a
LOAD c:/st/stm32cubeide_1.10.1/stm32cubeide/plugins/com.st.stm32cube.ide.mcu.externaltools.gnu-tools-for-stm32.10.3-2021.10.win32_1.0.0.202111181127/tools/bin/../lib/gcc/arm-none-eabi/10.3.1/../../../../arm-none-eabi/lib/thumb/v6-m/nofp\libnosys.a
END GROUP
LOAD c:/st/stm32cubeide_1.10.1/stm32cubeide/plugins/com.st.stm32cube.ide.mcu.externaltools.gnu-tools-for-stm32.10.3-2021.10.win32_1.0.0.202111181127/tools/bin/../lib/gcc/arm-none-eabi/10.3.1/thumb/v6-m/nofp/crtend.o
LOAD c:/st/stm32cubeide_1.10.1/stm32cubeide/plugins/com.st.stm32cube.ide.mcu.externaltools.gnu-tools-for-stm32.10.3-2021.10.win32_1.0.0.202111181127/tools/bin/../lib/gcc/arm-none-eabi/10.3.1/thumb/v6-m/nofp/crtn.o
                0x0000000020005000                _estack = (ORIGIN (RAM) + LENGTH (RAM))
                0x0000000000000800                _Min_Heap_Size = 0x800
                0x0000000000002000                _Min_Stack_Size = 0x2000

.isr_vector     0x0000000008000000       0xc0
                0x0000000008000000                . = ALIGN (0x4)
 *(.isr_vector)
 .isr_vector    0x0000000008000000       0xc0 ./Core/Startup/startup_stm32l073rztx.o
                0x0000000008000000                g_pfnVectors
                0x00000000080000c0                . = ALIGN (0x4)

.text           0x00000000080000c0    0x14fb8
                0x00000000080000c0                . = ALIGN (0x4)
 *(.text)
 .text          0x00000000080000c0       0x48 c:/st/stm32cubeide_1.10.1/stm32cubeide/plugins/com.st.stm32cube.ide.mcu.externaltools.gnu-tools-for-stm32.10.3-2021.10.win32_1.0.0.202111181127/tools/bin/../lib/gcc/arm-none-eabi/10.3.1/thumb/v6-m/nofp/crtbegin.o
 .text          0x0000000008000108       0x14 c:/st/stm32cubeide_1.10.1/stm32cubeide/plugins/com.st.stm32cube.ide.mcu.externaltools.gnu-tools-for-stm32.10.3-2021.10.win32_1.0.0.202111181127/tools/bin/../lib/gcc/arm-none-eabi/10.3.1/thumb/v6-m/nofp\libgcc.a(_thumb1_case_shi.o)
                0x0000000008000108                __gnu_thumb1_case_shi
 .text          0x000000000800011c      0x114 c:/st/stm32cubeide_1.10.1/stm32cubeide/plugins/com.st.stm32cube.ide.mcu.externaltools.gnu-tools-for-stm32.10.3-2021.10.win32_1.0.0.202111181127/tools/bin/../lib/gcc/arm-none-eabi/10.3.1/thumb/v6-m/nofp\libgcc.a(_udivsi3.o)
                0x000000000800011c                __aeabi_uidiv
                0x000000000800011c                __udivsi3
                0x0000000008000228                __aeabi_uidivmod
 .text          0x0000000008000230      0x1d4 c:/st/stm32cubeide_1.10.1/stm32cubeide/plugins/com.st.stm32cube.ide.mcu.externaltools.gnu-tools-for-stm32.10.3-2021.10.win32_1.0.0.202111181127/tools/bin/../lib/gcc/arm-none-eabi/10.3.1/thumb/v6-m/nofp\libgcc.a(_divsi3.o)
                0x0000000008000230                __divsi3
                0x0000000008000230                __aeabi_idiv
                0x00000000080003fc                __aeabi_idivmod
 .text          0x0000000008000404        0x4 c:/st/stm32cubeide_1.10.1/stm32cubeide/plugins/com.st.stm32cube.ide.mcu.externaltools.gnu-tools-for-stm32.10.3-2021.10.win32_1.0.0.202111181127/tools/bin/../lib/gcc/arm-none-eabi/10.3.1/thumb/v6-m/nofp\libgcc.a(_dvmd_tls.o)
                0x0000000008000404                __aeabi_idiv0
                0x0000000008000404                __aeabi_ldiv0
 .text          0x0000000008000408       0x74 c:/st/stm32cubeide_1.10.1/stm32cubeide/plugins/com.st.stm32cube.ide.mcu.externaltools.gnu-tools-for-stm32.10.3-2021.10.win32_1.0.0.202111181127/tools/bin/../lib/gcc/arm-none-eabi/10.3.1/thumb/v6-m/nofp\libgcc.a(_arm_cmpsf2.o)
                0x0000000008000408                __aeabi_cfrcmple
                0x0000000008000410                __aeabi_cfcmpeq
                0x0000000008000410                __aeabi_cfcmple
                0x0000000008000420                __aeabi_fcmpeq
                0x000000000800042c                __aeabi_fcmplt
                0x0000000008000440                __aeabi_fcmple
                0x0000000008000454                __aeabi_fcmpgt
                0x0000000008000468                __aeabi_fcmpge
 .text          0x000000000800047c       0x40 c:/st/stm32cubeide_1.10.1/stm32cubeide/plugins/com.st.stm32cube.ide.mcu.externaltools.gnu-tools-for-stm32.10.3-2021.10.win32_1.0.0.202111181127/tools/bin/../lib/gcc/arm-none-eabi/10.3.1/thumb/v6-m/nofp\libgcc.a(_aeabi_uldivmod.o)
                0x000000000800047c                __aeabi_uldivmod
 .text          0x00000000080004bc       0x5c c:/st/stm32cubeide_1.10.1/stm32cubeide/plugins/com.st.stm32cube.ide.mcu.externaltools.gnu-tools-for-stm32.10.3-2021.10.win32_1.0.0.202111181127/tools/bin/../lib/gcc/arm-none-eabi/10.3.1/thumb/v6-m/nofp\libgcc.a(_muldi3.o)
                0x00000000080004bc                __muldi3
                0x00000000080004bc                __aeabi_lmul
 .text          0x0000000008000518       0x30 c:/st/stm32cubeide_1.10.1/stm32cubeide/plugins/com.st.stm32cube.ide.mcu.externaltools.gnu-tools-for-stm32.10.3-2021.10.win32_1.0.0.202111181127/tools/bin/../lib/gcc/arm-none-eabi/10.3.1/thumb/v6-m/nofp\libgcc.a(_fixunssfsi.o)
                0x0000000008000518                __fixunssfsi
                0x0000000008000518                __aeabi_f2uiz
 .text          0x0000000008000548      0x198 c:/st/stm32cubeide_1.10.1/stm32cubeide/plugins/com.st.stm32cube.ide.mcu.externaltools.gnu-tools-for-stm32.10.3-2021.10.win32_1.0.0.202111181127/tools/bin/../lib/gcc/arm-none-eabi/10.3.1/thumb/v6-m/nofp\libgcc.a(_udivmoddi4.o)
                0x0000000008000548                __udivmoddi4
 .text          0x00000000080006e0      0x33c c:/st/stm32cubeide_1.10.1/stm32cubeide/plugins/com.st.stm32cube.ide.mcu.externaltools.gnu-tools-for-stm32.10.3-2021.10.win32_1.0.0.202111181127/tools/bin/../lib/gcc/arm-none-eabi/10.3.1/thumb/v6-m/nofp\libgcc.a(addsf3.o)
                0x00000000080006e0                __aeabi_fadd
 .text          0x0000000008000a1c      0x230 c:/st/stm32cubeide_1.10.1/stm32cubeide/plugins/com.st.stm32cube.ide.mcu.externaltools.gnu-tools-for-stm32.10.3-2021.10.win32_1.0.0.202111181127/tools/bin/../lib/gcc/arm-none-eabi/10.3.1/thumb/v6-m/nofp\libgcc.a(divsf3.o)
                0x0000000008000a1c                __aeabi_fdiv
 .text          0x0000000008000c4c       0x4c c:/st/stm32cubeide_1.10.1/stm32cubeide/plugins/com.st.stm32cube.ide.mcu.externaltools.gnu-tools-for-stm32.10.3-2021.10.win32_1.0.0.202111181127/tools/bin/../lib/gcc/arm-none-eabi/10.3.1/thumb/v6-m/nofp\libgcc.a(eqsf2.o)
                0x0000000008000c4c                __eqsf2
                0x0000000008000c4c                __nesf2
 .text          0x0000000008000c98       0x8c c:/st/stm32cubeide_1.10.1/stm32cubeide/plugins/com.st.stm32cube.ide.mcu.externaltools.gnu-tools-for-stm32.10.3-2021.10.win32_1.0.0.202111181127/tools/bin/../lib/gcc/arm-none-eabi/10.3.1/thumb/v6-m/nofp\libgcc.a(gesf2.o)
                0x0000000008000c98                __gesf2
                0x0000000008000c98                __gtsf2
 .text          0x0000000008000d24       0x88 c:/st/stm32cubeide_1.10.1/stm32cubeide/plugins/com.st.stm32cube.ide.mcu.externaltools.gnu-tools-for-stm32.10.3-2021.10.win32_1.0.0.202111181127/tools/bin/../lib/gcc/arm-none-eabi/10.3.1/thumb/v6-m/nofp\libgcc.a(lesf2.o)
                0x0000000008000d24                __ltsf2
                0x0000000008000d24                __lesf2
 .text          0x0000000008000dac      0x24c c:/st/stm32cubeide_1.10.1/stm32cubeide/plugins/com.st.stm32cube.ide.mcu.externaltools.gnu-tools-for-stm32.10.3-2021.10.win32_1.0.0.202111181127/tools/bin/../lib/gcc/arm-none-eabi/10.3.1/thumb/v6-m/nofp\libgcc.a(mulsf3.o)
                0x0000000008000dac                __aeabi_fmul
 .text          0x0000000008000ff8      0x35c c:/st/stm32cubeide_1.10.1/stm32cubeide/plugins/com.st.stm32cube.ide.mcu.externaltools.gnu-tools-for-stm32.10.3-2021.10.win32_1.0.0.202111181127/tools/bin/../lib/gcc/arm-none-eabi/10.3.1/thumb/v6-m/nofp\libgcc.a(subsf3.o)
                0x0000000008000ff8                __aeabi_fsub
 .text          0x0000000008001354       0x2c c:/st/stm32cubeide_1.10.1/stm32cubeide/plugins/com.st.stm32cube.ide.mcu.externaltools.gnu-tools-for-stm32.10.3-2021.10.win32_1.0.0.202111181127/tools/bin/../lib/gcc/arm-none-eabi/10.3.1/thumb/v6-m/nofp\libgcc.a(unordsf2.o)
                0x0000000008001354                __aeabi_fcmpun
 .text          0x0000000008001380       0x40 c:/st/stm32cubeide_1.10.1/stm32cubeide/plugins/com.st.stm32cube.ide.mcu.externaltools.gnu-tools-for-stm32.10.3-2021.10.win32_1.0.0.202111181127/tools/bin/../lib/gcc/arm-none-eabi/10.3.1/thumb/v6-m/nofp\libgcc.a(fixsfsi.o)
                0x0000000008001380                __aeabi_f2iz
 .text          0x00000000080013c0       0x9c c:/st/stm32cubeide_1.10.1/stm32cubeide/plugins/com.st.stm32cube.ide.mcu.externaltools.gnu-tools-for-stm32.10.3-2021.10.win32_1.0.0.202111181127/tools/bin/../lib/gcc/arm-none-eabi/10.3.1/thumb/v6-m/nofp\libgcc.a(floatsisf.o)
                0x00000000080013c0                __aeabi_i2f
 .text          0x000000000800145c       0x84 c:/st/stm32cubeide_1.10.1/stm32cubeide/plugins/com.st.stm32cube.ide.mcu.externaltools.gnu-tools-for-stm32.10.3-2021.10.win32_1.0.0.202111181127/tools/bin/../lib/gcc/arm-none-eabi/10.3.1/thumb/v6-m/nofp\libgcc.a(floatunsisf.o)
                0x000000000800145c                __aeabi_ui2f
 .text          0x00000000080014e0       0x3c c:/st/stm32cubeide_1.10.1/stm32cubeide/plugins/com.st.stm32cube.ide.mcu.externaltools.gnu-tools-for-stm32.10.3-2021.10.win32_1.0.0.202111181127/tools/bin/../lib/gcc/arm-none-eabi/10.3.1/thumb/v6-m/nofp\libgcc.a(_clzsi2.o)
                0x00000000080014e0                __clzsi2
 .text          0x000000000800151c       0x18 c:/st/stm32cubeide_1.10.1/stm32cubeide/plugins/com.st.stm32cube.ide.mcu.externaltools.gnu-tools-for-stm32.10.3-2021.10.win32_1.0.0.202111181127/tools/bin/../lib/gcc/arm-none-eabi/10.3.1/thumb/v6-m/nofp\libgcc.a(_clzdi2.o)
                0x000000000800151c                __clzdi2
 *(.text*)
 .text.main     0x0000000008001534       0x44 ./Core/Src/main.o
                0x0000000008001534                main
 .text.SystemClock_Config
                0x0000000008001578       0xf8 ./Core/Src/main.o
                0x0000000008001578                SystemClock_Config
 .text.MX_CRC_Init
                0x0000000008001670       0x48 ./Core/Src/main.o
 .text.MX_RTC_Init
                0x00000000080016b8       0xc8 ./Core/Src/main.o
 .text.MX_DMA_Init
                0x0000000008001780       0x3c ./Core/Src/main.o
 .text.MX_GPIO_Init
                0x00000000080017bc       0x84 ./Core/Src/main.o
 .text.Error_Handler
                0x0000000008001840        0xa ./Core/Src/main.o
                0x0000000008001840                Error_Handler
 *fill*         0x000000000800184a        0x2 
 .text.HAL_MspInit
                0x000000000800184c       0x28 ./Core/Src/stm32l0xx_hal_msp.o
                0x000000000800184c                HAL_MspInit
 .text.HAL_CRC_MspInit
                0x0000000008001874       0x40 ./Core/Src/stm32l0xx_hal_msp.o
                0x0000000008001874                HAL_CRC_MspInit
 .text.HAL_RTC_MspInit
                0x00000000080018b4       0x30 ./Core/Src/stm32l0xx_hal_msp.o
                0x00000000080018b4                HAL_RTC_MspInit
 .text.NMI_Handler
                0x00000000080018e4        0x6 ./Core/Src/stm32l0xx_it.o
                0x00000000080018e4                NMI_Handler
 .text.HardFault_Handler
                0x00000000080018ea        0x6 ./Core/Src/stm32l0xx_it.o
                0x00000000080018ea                HardFault_Handler
 .text.SVC_Handler
                0x00000000080018f0        0xa ./Core/Src/stm32l0xx_it.o
                0x00000000080018f0                SVC_Handler
 .text.PendSV_Handler
                0x00000000080018fa        0xa ./Core/Src/stm32l0xx_it.o
                0x00000000080018fa                PendSV_Handler
 .text.SysTick_Handler
                0x0000000008001904        0xe ./Core/Src/stm32l0xx_it.o
                0x0000000008001904                SysTick_Handler
 *fill*         0x0000000008001912        0x2 
 .text.EXTI4_15_IRQHandler
                0x0000000008001914       0x18 ./Core/Src/stm32l0xx_it.o
                0x0000000008001914                EXTI4_15_IRQHandler
 .text.DMA1_Channel4_5_6_7_IRQHandler
                0x000000000800192c       0x18 ./Core/Src/stm32l0xx_it.o
                0x000000000800192c                DMA1_Channel4_5_6_7_IRQHandler
 .text.BSP_I2C1_Init
                0x0000000008001944       0x7c ./Core/Src/stm32l0xx_nucleo_bus.o
                0x0000000008001944                BSP_I2C1_Init
 .text.BSP_I2C1_DeInit
                0x00000000080019c0       0x50 ./Core/Src/stm32l0xx_nucleo_bus.o
                0x00000000080019c0                BSP_I2C1_DeInit
 .text.BSP_I2C1_WriteReg
                0x0000000008001a10       0x78 ./Core/Src/stm32l0xx_nucleo_bus.o
                0x0000000008001a10                BSP_I2C1_WriteReg
 .text.BSP_I2C1_ReadReg
                0x0000000008001a88       0x78 ./Core/Src/stm32l0xx_nucleo_bus.o
                0x0000000008001a88                BSP_I2C1_ReadReg
 .text.BSP_GetTick
                0x0000000008001b00       0x10 ./Core/Src/stm32l0xx_nucleo_bus.o
                0x0000000008001b00                BSP_GetTick
 .text.MX_I2C1_Init
                0x0000000008001b10       0x9c ./Core/Src/stm32l0xx_nucleo_bus.o
                0x0000000008001b10                MX_I2C1_Init
 .text.I2C1_MspInit
                0x0000000008001bac       0x9c ./Core/Src/stm32l0xx_nucleo_bus.o
 .text.I2C1_MspDeInit
                0x0000000008001c48       0x44 ./Core/Src/stm32l0xx_nucleo_bus.o
 .text._sbrk    0x0000000008001c8c       0x6c ./Core/Src/sysmem.o
                0x0000000008001c8c                _sbrk
 .text.SystemInit
                0x0000000008001cf8        0xa ./Core/Src/system_stm32l0xx.o
                0x0000000008001cf8                SystemInit
 *fill*         0x0000000008001d02        0x2 
 .text.Reset_Handler
                0x0000000008001d04       0x50 ./Core/Startup/startup_stm32l073rztx.o
                0x0000000008001d04                Reset_Handler
 .text.Default_Handler
                0x0000000008001d54        0x2 ./Core/Startup/startup_stm32l073rztx.o
                0x0000000008001d54                TSC_IRQHandler
                0x0000000008001d54                ADC1_COMP_IRQHandler
                0x0000000008001d54                PVD_IRQHandler
                0x0000000008001d54                I2C1_IRQHandler
                0x0000000008001d54                RCC_CRS_IRQHandler
                0x0000000008001d54                SPI1_IRQHandler
                0x0000000008001d54                TIM6_DAC_IRQHandler
                0x0000000008001d54                EXTI2_3_IRQHandler
                0x0000000008001d54                I2C2_IRQHandler
                0x0000000008001d54                RTC_IRQHandler
                0x0000000008001d54                LCD_IRQHandler
                0x0000000008001d54                TIM3_IRQHandler
                0x0000000008001d54                DMA1_Channel1_IRQHandler
                0x0000000008001d54                USART4_5_IRQHandler
                0x0000000008001d54                Default_Handler
                0x0000000008001d54                TIM22_IRQHandler
                0x0000000008001d54                TIM7_IRQHandler
                0x0000000008001d54                EXTI0_1_IRQHandler
                0x0000000008001d54                USB_IRQHandler
                0x0000000008001d54                I2C3_IRQHandler
                0x0000000008001d54                SPI2_IRQHandler
                0x0000000008001d54                TIM21_IRQHandler
                0x0000000008001d54                WWDG_IRQHandler
                0x0000000008001d54                TIM2_IRQHandler
                0x0000000008001d54                DMA1_Channel2_3_IRQHandler
                0x0000000008001d54                USART2_IRQHandler
                0x0000000008001d54                FLASH_IRQHandler
                0x0000000008001d54                USART1_IRQHandler
                0x0000000008001d54                RNG_LPUART1_IRQHandler
                0x0000000008001d54                LPTIM1_IRQHandler
 *fill*         0x0000000008001d56        0x2 
 .text.HTS221_RegisterBusIO
                0x0000000008001d58       0x90 ./Drivers/BSP/Components/hts221/hts221.o
                0x0000000008001d58                HTS221_RegisterBusIO
 .text.HTS221_Init
                0x0000000008001de8       0x36 ./Drivers/BSP/Components/hts221/hts221.o
                0x0000000008001de8                HTS221_Init
 .text.HTS221_DeInit
                0x0000000008001e1e       0x48 ./Drivers/BSP/Components/hts221/hts221.o
                0x0000000008001e1e                HTS221_DeInit
 .text.HTS221_ReadID
                0x0000000008001e66       0x2c ./Drivers/BSP/Components/hts221/hts221.o
                0x0000000008001e66                HTS221_ReadID
 *fill*         0x0000000008001e92        0x2 
 .text.HTS221_GetCapabilities
                0x0000000008001e94       0x44 ./Drivers/BSP/Components/hts221/hts221.o
                0x0000000008001e94                HTS221_GetCapabilities
 .text.HTS221_HUM_Enable
                0x0000000008001ed8       0x48 ./Drivers/BSP/Components/hts221/hts221.o
                0x0000000008001ed8                HTS221_HUM_Enable
 .text.HTS221_HUM_Disable
                0x0000000008001f20       0x48 ./Drivers/BSP/Components/hts221/hts221.o
                0x0000000008001f20                HTS221_HUM_Disable
 .text.HTS221_HUM_GetOutputDataRate
                0x0000000008001f68       0x20 ./Drivers/BSP/Components/hts221/hts221.o
                0x0000000008001f68                HTS221_HUM_GetOutputDataRate
 .text.HTS221_HUM_SetOutputDataRate
                0x0000000008001f88       0x20 ./Drivers/BSP/Components/hts221/hts221.o
                0x0000000008001f88                HTS221_HUM_SetOutputDataRate
 .text.HTS221_HUM_GetHumidity
                0x0000000008001fa8       0xfc ./Drivers/BSP/Components/hts221/hts221.o
                0x0000000008001fa8                HTS221_HUM_GetHumidity
 .text.HTS221_TEMP_Enable
                0x00000000080020a4       0x48 ./Drivers/BSP/Components/hts221/hts221.o
                0x00000000080020a4                HTS221_TEMP_Enable
 .text.HTS221_TEMP_Disable
                0x00000000080020ec       0x48 ./Drivers/BSP/Components/hts221/hts221.o
                0x00000000080020ec                HTS221_TEMP_Disable
 .text.HTS221_TEMP_GetOutputDataRate
                0x0000000008002134       0x20 ./Drivers/BSP/Components/hts221/hts221.o
                0x0000000008002134                HTS221_TEMP_GetOutputDataRate
 .text.HTS221_TEMP_SetOutputDataRate
                0x0000000008002154       0x20 ./Drivers/BSP/Components/hts221/hts221.o
                0x0000000008002154                HTS221_TEMP_SetOutputDataRate
 .text.HTS221_TEMP_GetTemperature
                0x0000000008002174       0xca ./Drivers/BSP/Components/hts221/hts221.o
                0x0000000008002174                HTS221_TEMP_GetTemperature
 *fill*         0x000000000800223e        0x2 
 .text.HTS221_GetOutputDataRate
                0x0000000008002240       0x80 ./Drivers/BSP/Components/hts221/hts221.o
 .text.HTS221_SetOutputDataRate
                0x00000000080022c0       0x60 ./Drivers/BSP/Components/hts221/hts221.o
 .text.HTS221_Initialize
                0x0000000008002320       0x56 ./Drivers/BSP/Components/hts221/hts221.o
 .text.Linear_Interpolation
                0x0000000008002376       0x88 ./Drivers/BSP/Components/hts221/hts221.o
 .text.ReadRegWrap
                0x00000000080023fe       0x7a ./Drivers/BSP/Components/hts221/hts221.o
 .text.WriteRegWrap
                0x0000000008002478       0x7a ./Drivers/BSP/Components/hts221/hts221.o
 .text.hts221_read_reg
                0x00000000080024f2       0x42 ./Drivers/BSP/Components/hts221/hts221_reg.o
                0x00000000080024f2                hts221_read_reg
 .text.hts221_write_reg
                0x0000000008002534       0x42 ./Drivers/BSP/Components/hts221/hts221_reg.o
                0x0000000008002534                hts221_write_reg
 .text.hts221_data_rate_set
                0x0000000008002576       0x60 ./Drivers/BSP/Components/hts221/hts221_reg.o
                0x0000000008002576                hts221_data_rate_set
 .text.hts221_data_rate_get
                0x00000000080025d6       0x6e ./Drivers/BSP/Components/hts221/hts221_reg.o
                0x00000000080025d6                hts221_data_rate_get
 .text.hts221_block_data_update_set
                0x0000000008002644       0x60 ./Drivers/BSP/Components/hts221/hts221_reg.o
                0x0000000008002644                hts221_block_data_update_set
 .text.hts221_humidity_raw_get
                0x00000000080026a4       0x4e ./Drivers/BSP/Components/hts221/hts221_reg.o
                0x00000000080026a4                hts221_humidity_raw_get
 .text.hts221_temperature_raw_get
                0x00000000080026f2       0x4e ./Drivers/BSP/Components/hts221/hts221_reg.o
                0x00000000080026f2                hts221_temperature_raw_get
 .text.hts221_device_id_get
                0x0000000008002740       0x24 ./Drivers/BSP/Components/hts221/hts221_reg.o
                0x0000000008002740                hts221_device_id_get
 .text.hts221_power_on_set
                0x0000000008002764       0x5c ./Drivers/BSP/Components/hts221/hts221_reg.o
                0x0000000008002764                hts221_power_on_set
 .text.hts221_hum_rh_point_0_get
                0x00000000080027c0       0x44 ./Drivers/BSP/Components/hts221/hts221_reg.o
                0x00000000080027c0                hts221_hum_rh_point_0_get
 .text.hts221_hum_rh_point_1_get
                0x0000000008002804       0x44 ./Drivers/BSP/Components/hts221/hts221_reg.o
                0x0000000008002804                hts221_hum_rh_point_1_get
 .text.hts221_temp_deg_point_0_get
                0x0000000008002848       0x74 ./Drivers/BSP/Components/hts221/hts221_reg.o
                0x0000000008002848                hts221_temp_deg_point_0_get
 .text.hts221_temp_deg_point_1_get
                0x00000000080028bc       0x74 ./Drivers/BSP/Components/hts221/hts221_reg.o
                0x00000000080028bc                hts221_temp_deg_point_1_get
 .text.hts221_hum_adc_point_0_get
                0x0000000008002930       0x54 ./Drivers/BSP/Components/hts221/hts221_reg.o
                0x0000000008002930                hts221_hum_adc_point_0_get
 .text.hts221_hum_adc_point_1_get
                0x0000000008002984       0x54 ./Drivers/BSP/Components/hts221/hts221_reg.o
                0x0000000008002984                hts221_hum_adc_point_1_get
 .text.hts221_temp_adc_point_0_get
                0x00000000080029d8       0x54 ./Drivers/BSP/Components/hts221/hts221_reg.o
                0x00000000080029d8                hts221_temp_adc_point_0_get
 .text.hts221_temp_adc_point_1_get
                0x0000000008002a2c       0x54 ./Drivers/BSP/Components/hts221/hts221_reg.o
                0x0000000008002a2c                hts221_temp_adc_point_1_get
 .text.LIS2DW12_RegisterBusIO
                0x0000000008002a80       0xcc ./Drivers/BSP/Components/lis2dw12/lis2dw12.o
                0x0000000008002a80                LIS2DW12_RegisterBusIO
 .text.LIS2DW12_Init
                0x0000000008002b4c       0xb8 ./Drivers/BSP/Components/lis2dw12/lis2dw12.o
                0x0000000008002b4c                LIS2DW12_Init
 .text.LIS2DW12_DeInit
                0x0000000008002c04       0x42 ./Drivers/BSP/Components/lis2dw12/lis2dw12.o
                0x0000000008002c04                LIS2DW12_DeInit
 .text.LIS2DW12_ReadID
                0x0000000008002c46       0x2c ./Drivers/BSP/Components/lis2dw12/lis2dw12.o
                0x0000000008002c46                LIS2DW12_ReadID
 *fill*         0x0000000008002c72        0x2 
 .text.LIS2DW12_GetCapabilities
                0x0000000008002c74       0x54 ./Drivers/BSP/Components/lis2dw12/lis2dw12.o
                0x0000000008002c74                LIS2DW12_GetCapabilities
 .text.LIS2DW12_ACC_Enable
                0x0000000008002cc8       0x48 ./Drivers/BSP/Components/lis2dw12/lis2dw12.o
                0x0000000008002cc8                LIS2DW12_ACC_Enable
 .text.LIS2DW12_ACC_Disable
                0x0000000008002d10       0x3e ./Drivers/BSP/Components/lis2dw12/lis2dw12.o
                0x0000000008002d10                LIS2DW12_ACC_Disable
 *fill*         0x0000000008002d4e        0x2 
 .text.LIS2DW12_ACC_GetSensitivity
                0x0000000008002d50      0x128 ./Drivers/BSP/Components/lis2dw12/lis2dw12.o
                0x0000000008002d50                LIS2DW12_ACC_GetSensitivity
 .text.LIS2DW12_ACC_GetOutputDataRate
                0x0000000008002e78      0x1ac ./Drivers/BSP/Components/lis2dw12/lis2dw12.o
                0x0000000008002e78                LIS2DW12_ACC_GetOutputDataRate
 .text.LIS2DW12_ACC_SetOutputDataRate
                0x0000000008003024       0x20 ./Drivers/BSP/Components/lis2dw12/lis2dw12.o
                0x0000000008003024                LIS2DW12_ACC_SetOutputDataRate
 .text.LIS2DW12_ACC_SetOutputDataRate_With_Mode
                0x0000000008003044       0x52 ./Drivers/BSP/Components/lis2dw12/lis2dw12.o
                0x0000000008003044                LIS2DW12_ACC_SetOutputDataRate_With_Mode
 .text.LIS2DW12_ACC_GetFullScale
                0x0000000008003096       0x7e ./Drivers/BSP/Components/lis2dw12/lis2dw12.o
                0x0000000008003096                LIS2DW12_ACC_GetFullScale
 .text.LIS2DW12_ACC_SetFullScale
                0x0000000008003114       0x56 ./Drivers/BSP/Components/lis2dw12/lis2dw12.o
                0x0000000008003114                LIS2DW12_ACC_SetFullScale
 *fill*         0x000000000800316a        0x2 
 .text.LIS2DW12_ACC_GetAxesRaw
                0x000000000800316c       0xf4 ./Drivers/BSP/Components/lis2dw12/lis2dw12.o
                0x000000000800316c                LIS2DW12_ACC_GetAxesRaw
 .text.LIS2DW12_ACC_GetAxes
                0x0000000008003260       0xbc ./Drivers/BSP/Components/lis2dw12/lis2dw12.o
                0x0000000008003260                LIS2DW12_ACC_GetAxes
 .text.LIS2DW12_Write_Reg
                0x000000000800331c       0x3e ./Drivers/BSP/Components/lis2dw12/lis2dw12.o
                0x000000000800331c                LIS2DW12_Write_Reg
 *fill*         0x000000000800335a        0x2 
 .text.LIS2DW12_ACC_SetOutputDataRate_When_Enabled
                0x000000000800335c      0x228 ./Drivers/BSP/Components/lis2dw12/lis2dw12.o
 .text.LIS2DW12_ACC_SetOutputDataRate_When_Disabled
                0x0000000008003584       0xe0 ./Drivers/BSP/Components/lis2dw12/lis2dw12.o
 .text.ReadRegWrap
                0x0000000008003664       0x44 ./Drivers/BSP/Components/lis2dw12/lis2dw12.o
 .text.WriteRegWrap
                0x00000000080036a8       0x44 ./Drivers/BSP/Components/lis2dw12/lis2dw12.o
 .text.lis2dw12_read_reg
                0x00000000080036ec       0x42 ./Drivers/BSP/Components/lis2dw12/lis2dw12_reg.o
                0x00000000080036ec                lis2dw12_read_reg
 .text.lis2dw12_write_reg
                0x000000000800372e       0x42 ./Drivers/BSP/Components/lis2dw12/lis2dw12_reg.o
                0x000000000800372e                lis2dw12_write_reg
 .text.lis2dw12_power_mode_set
                0x0000000008003770       0xd8 ./Drivers/BSP/Components/lis2dw12/lis2dw12_reg.o
                0x0000000008003770                lis2dw12_power_mode_set
 .text.lis2dw12_power_mode_get
                0x0000000008003848      0x114 ./Drivers/BSP/Components/lis2dw12/lis2dw12_reg.o
                0x0000000008003848                lis2dw12_power_mode_get
 .text.lis2dw12_data_rate_set
                0x000000000800395c       0xb0 ./Drivers/BSP/Components/lis2dw12/lis2dw12_reg.o
                0x000000000800395c                lis2dw12_data_rate_set
 .text.lis2dw12_data_rate_get
                0x0000000008003a0c       0xd4 ./Drivers/BSP/Components/lis2dw12/lis2dw12_reg.o
                0x0000000008003a0c                lis2dw12_data_rate_get
 .text.lis2dw12_block_data_update_set
                0x0000000008003ae0       0x60 ./Drivers/BSP/Components/lis2dw12/lis2dw12_reg.o
                0x0000000008003ae0                lis2dw12_block_data_update_set
 .text.lis2dw12_full_scale_set
                0x0000000008003b40       0x60 ./Drivers/BSP/Components/lis2dw12/lis2dw12_reg.o
                0x0000000008003b40                lis2dw12_full_scale_set
 .text.lis2dw12_full_scale_get
                0x0000000008003ba0       0x6e ./Drivers/BSP/Components/lis2dw12/lis2dw12_reg.o
                0x0000000008003ba0                lis2dw12_full_scale_get
 .text.lis2dw12_acceleration_raw_get
                0x0000000008003c0e       0xa6 ./Drivers/BSP/Components/lis2dw12/lis2dw12_reg.o
                0x0000000008003c0e                lis2dw12_acceleration_raw_get
 .text.lis2dw12_device_id_get
                0x0000000008003cb4       0x24 ./Drivers/BSP/Components/lis2dw12/lis2dw12_reg.o
                0x0000000008003cb4                lis2dw12_device_id_get
 .text.lis2dw12_auto_increment_set
                0x0000000008003cd8       0x60 ./Drivers/BSP/Components/lis2dw12/lis2dw12_reg.o
                0x0000000008003cd8                lis2dw12_auto_increment_set
 .text.lis2dw12_fifo_mode_set
                0x0000000008003d38       0x5c ./Drivers/BSP/Components/lis2dw12/lis2dw12_reg.o
                0x0000000008003d38                lis2dw12_fifo_mode_set
 .text.LIS2MDL_RegisterBusIO
                0x0000000008003d94       0xf8 ./Drivers/BSP/Components/lis2mdl/lis2mdl.o
                0x0000000008003d94                LIS2MDL_RegisterBusIO
 .text.LIS2MDL_Init
                0x0000000008003e8c      0x10a ./Drivers/BSP/Components/lis2mdl/lis2mdl.o
                0x0000000008003e8c                LIS2MDL_Init
 .text.LIS2MDL_DeInit
                0x0000000008003f96       0x2c ./Drivers/BSP/Components/lis2mdl/lis2mdl.o
                0x0000000008003f96                LIS2MDL_DeInit
 .text.LIS2MDL_ReadID
                0x0000000008003fc2       0x4a ./Drivers/BSP/Components/lis2mdl/lis2mdl.o
                0x0000000008003fc2                LIS2MDL_ReadID
 .text.LIS2MDL_GetCapabilities
                0x000000000800400c       0x54 ./Drivers/BSP/Components/lis2mdl/lis2mdl.o
                0x000000000800400c                LIS2MDL_GetCapabilities
 .text.LIS2MDL_MAG_Enable
                0x0000000008004060       0x80 ./Drivers/BSP/Components/lis2mdl/lis2mdl.o
                0x0000000008004060                LIS2MDL_MAG_Enable
 .text.LIS2MDL_MAG_Disable
                0x00000000080040e0       0x86 ./Drivers/BSP/Components/lis2mdl/lis2mdl.o
                0x00000000080040e0                LIS2MDL_MAG_Disable
 .text.LIS2MDL_MAG_GetSensitivity
                0x0000000008004166       0x1c ./Drivers/BSP/Components/lis2mdl/lis2mdl.o
                0x0000000008004166                LIS2MDL_MAG_GetSensitivity
 *fill*         0x0000000008004182        0x2 
 .text.LIS2MDL_MAG_GetOutputDataRate
                0x0000000008004184       0x88 ./Drivers/BSP/Components/lis2mdl/lis2mdl.o
                0x0000000008004184                LIS2MDL_MAG_GetOutputDataRate
 .text.LIS2MDL_MAG_SetOutputDataRate
                0x000000000800420c       0xd0 ./Drivers/BSP/Components/lis2mdl/lis2mdl.o
                0x000000000800420c                LIS2MDL_MAG_SetOutputDataRate
 .text.LIS2MDL_MAG_GetFullScale
                0x00000000080042dc       0x1a ./Drivers/BSP/Components/lis2mdl/lis2mdl.o
                0x00000000080042dc                LIS2MDL_MAG_GetFullScale
 .text.LIS2MDL_MAG_SetFullScale
                0x00000000080042f6       0x14 ./Drivers/BSP/Components/lis2mdl/lis2mdl.o
                0x00000000080042f6                LIS2MDL_MAG_SetFullScale
 .text.LIS2MDL_MAG_GetAxesRaw
                0x000000000800430a       0x4e ./Drivers/BSP/Components/lis2mdl/lis2mdl.o
                0x000000000800430a                LIS2MDL_MAG_GetAxesRaw
 .text.LIS2MDL_MAG_GetAxes
                0x0000000008004358      0x148 ./Drivers/BSP/Components/lis2mdl/lis2mdl.o
                0x0000000008004358                LIS2MDL_MAG_GetAxes
 .text.LIS2MDL_Write_Reg
                0x00000000080044a0       0x5e ./Drivers/BSP/Components/lis2mdl/lis2mdl.o
                0x00000000080044a0                LIS2MDL_Write_Reg
 .text.ReadMagRegWrap
                0x00000000080044fe       0xa2 ./Drivers/BSP/Components/lis2mdl/lis2mdl.o
 .text.WriteMagRegWrap
                0x00000000080045a0       0xa2 ./Drivers/BSP/Components/lis2mdl/lis2mdl.o
 .text.LSM6DSOX_SENSORHUB_LIS2MDL_ReadShData
                0x0000000008004642      0x2ce ./Drivers/BSP/Components/lis2mdl/lis2mdl.o
 .text.LSM6DSOX_SENSORHUB_LIS2MDL_WriteShData
                0x0000000008004910      0x284 ./Drivers/BSP/Components/lis2mdl/lis2mdl.o
 .text.lis2mdl_read_reg
                0x0000000008004b94       0x42 ./Drivers/BSP/Components/lis2mdl/lis2mdl_reg.o
                0x0000000008004b94                lis2mdl_read_reg
 .text.lis2mdl_write_reg
                0x0000000008004bd6       0x42 ./Drivers/BSP/Components/lis2mdl/lis2mdl_reg.o
                0x0000000008004bd6                lis2mdl_write_reg
 .text.lis2mdl_operating_mode_set
                0x0000000008004c18       0x60 ./Drivers/BSP/Components/lis2mdl/lis2mdl_reg.o
                0x0000000008004c18                lis2mdl_operating_mode_set
 .text.lis2mdl_data_rate_set
                0x0000000008004c78       0x60 ./Drivers/BSP/Components/lis2mdl/lis2mdl_reg.o
                0x0000000008004c78                lis2mdl_data_rate_set
 .text.lis2mdl_data_rate_get
                0x0000000008004cd8       0x6e ./Drivers/BSP/Components/lis2mdl/lis2mdl_reg.o
                0x0000000008004cd8                lis2mdl_data_rate_get
 .text.lis2mdl_block_data_update_set
                0x0000000008004d46       0x60 ./Drivers/BSP/Components/lis2mdl/lis2mdl_reg.o
                0x0000000008004d46                lis2mdl_block_data_update_set
 .text.lis2mdl_magnetic_raw_get
                0x0000000008004da6       0xa6 ./Drivers/BSP/Components/lis2mdl/lis2mdl_reg.o
                0x0000000008004da6                lis2mdl_magnetic_raw_get
 .text.lis2mdl_device_id_get
                0x0000000008004e4c       0x24 ./Drivers/BSP/Components/lis2mdl/lis2mdl_reg.o
                0x0000000008004e4c                lis2mdl_device_id_get
 .text.lis2mdl_self_test_set
                0x0000000008004e70       0x60 ./Drivers/BSP/Components/lis2mdl/lis2mdl_reg.o
                0x0000000008004e70                lis2mdl_self_test_set
 .text.lis2mdl_i2c_interface_set
                0x0000000008004ed0       0x60 ./Drivers/BSP/Components/lis2mdl/lis2mdl_reg.o
                0x0000000008004ed0                lis2mdl_i2c_interface_set
 .text.LPS22HH_RegisterBusIO
                0x0000000008004f30       0xcc ./Drivers/BSP/Components/lps22hh/lps22hh.o
                0x0000000008004f30                LPS22HH_RegisterBusIO
 .text.LPS22HH_Init
                0x0000000008004ffc       0x36 ./Drivers/BSP/Components/lps22hh/lps22hh.o
                0x0000000008004ffc                LPS22HH_Init
 .text.LPS22HH_DeInit
                0x0000000008005032       0x48 ./Drivers/BSP/Components/lps22hh/lps22hh.o
                0x0000000008005032                LPS22HH_DeInit
 .text.LPS22HH_ReadID
                0x000000000800507a       0x2c ./Drivers/BSP/Components/lps22hh/lps22hh.o
                0x000000000800507a                LPS22HH_ReadID
 *fill*         0x00000000080050a6        0x2 
 .text.LPS22HH_GetCapabilities
                0x00000000080050a8       0x44 ./Drivers/BSP/Components/lps22hh/lps22hh.o
                0x00000000080050a8                LPS22HH_GetCapabilities
 .text.LPS22HH_PRESS_Enable
                0x00000000080050ec       0x46 ./Drivers/BSP/Components/lps22hh/lps22hh.o
                0x00000000080050ec                LPS22HH_PRESS_Enable
 .text.LPS22HH_PRESS_Disable
                0x0000000008005132       0x64 ./Drivers/BSP/Components/lps22hh/lps22hh.o
                0x0000000008005132                LPS22HH_PRESS_Disable
 .text.LPS22HH_PRESS_GetOutputDataRate
                0x0000000008005196       0x20 ./Drivers/BSP/Components/lps22hh/lps22hh.o
                0x0000000008005196                LPS22HH_PRESS_GetOutputDataRate
 .text.LPS22HH_PRESS_SetOutputDataRate
                0x00000000080051b6       0x3a ./Drivers/BSP/Components/lps22hh/lps22hh.o
                0x00000000080051b6                LPS22HH_PRESS_SetOutputDataRate
 .text.LPS22HH_PRESS_GetPressure
                0x00000000080051f0       0x48 ./Drivers/BSP/Components/lps22hh/lps22hh.o
                0x00000000080051f0                LPS22HH_PRESS_GetPressure
 .text.LPS22HH_TEMP_Enable
                0x0000000008005238       0x46 ./Drivers/BSP/Components/lps22hh/lps22hh.o
                0x0000000008005238                LPS22HH_TEMP_Enable
 .text.LPS22HH_TEMP_Disable
                0x000000000800527e       0x64 ./Drivers/BSP/Components/lps22hh/lps22hh.o
                0x000000000800527e                LPS22HH_TEMP_Disable
 .text.LPS22HH_TEMP_GetOutputDataRate
                0x00000000080052e2       0x20 ./Drivers/BSP/Components/lps22hh/lps22hh.o
                0x00000000080052e2                LPS22HH_TEMP_GetOutputDataRate
 .text.LPS22HH_TEMP_SetOutputDataRate
                0x0000000008005302       0x3a ./Drivers/BSP/Components/lps22hh/lps22hh.o
                0x0000000008005302                LPS22HH_TEMP_SetOutputDataRate
 .text.LPS22HH_TEMP_GetTemperature
                0x000000000800533c       0x4e ./Drivers/BSP/Components/lps22hh/lps22hh.o
                0x000000000800533c                LPS22HH_TEMP_GetTemperature
 .text.LPS22HH_Write_Reg
                0x000000000800538a       0x3e ./Drivers/BSP/Components/lps22hh/lps22hh.o
                0x000000000800538a                LPS22HH_Write_Reg
 .text.LPS22HH_GetOutputDataRate
                0x00000000080053c8       0xac ./Drivers/BSP/Components/lps22hh/lps22hh.o
 .text.LPS22HH_SetOutputDataRate_When_Enabled
                0x0000000008005474       0xcc ./Drivers/BSP/Components/lps22hh/lps22hh.o
 .text.LPS22HH_SetOutputDataRate_When_Disabled
                0x0000000008005540       0x94 ./Drivers/BSP/Components/lps22hh/lps22hh.o
 .text.LPS22HH_Initialize
                0x00000000080055d4       0x88 ./Drivers/BSP/Components/lps22hh/lps22hh.o
 .text.ReadRegWrap
                0x000000000800565c       0x44 ./Drivers/BSP/Components/lps22hh/lps22hh.o
 .text.WriteRegWrap
                0x00000000080056a0       0x44 ./Drivers/BSP/Components/lps22hh/lps22hh.o
 .text.lps22hh_read_reg
                0x00000000080056e4       0x42 ./Drivers/BSP/Components/lps22hh/lps22hh_reg.o
                0x00000000080056e4                lps22hh_read_reg
 .text.lps22hh_write_reg
                0x0000000008005726       0x42 ./Drivers/BSP/Components/lps22hh/lps22hh_reg.o
                0x0000000008005726                lps22hh_write_reg
 .text.lps22hh_from_lsb_to_hpa
                0x0000000008005768       0x24 ./Drivers/BSP/Components/lps22hh/lps22hh_reg.o
                0x0000000008005768                lps22hh_from_lsb_to_hpa
 .text.lps22hh_from_lsb_to_celsius
                0x000000000800578c       0x30 ./Drivers/BSP/Components/lps22hh/lps22hh_reg.o
                0x000000000800578c                lps22hh_from_lsb_to_celsius
 .text.lps22hh_block_data_update_set
                0x00000000080057bc       0x60 ./Drivers/BSP/Components/lps22hh/lps22hh_reg.o
                0x00000000080057bc                lps22hh_block_data_update_set
 .text.lps22hh_data_rate_set
                0x000000000800581c       0xda ./Drivers/BSP/Components/lps22hh/lps22hh_reg.o
                0x000000000800581c                lps22hh_data_rate_set
 *fill*         0x00000000080058f6        0x2 
 .text.lps22hh_data_rate_get
                0x00000000080058f8      0x10c ./Drivers/BSP/Components/lps22hh/lps22hh_reg.o
                0x00000000080058f8                lps22hh_data_rate_get
 .text.lps22hh_pressure_raw_get
                0x0000000008005a04       0x5c ./Drivers/BSP/Components/lps22hh/lps22hh_reg.o
                0x0000000008005a04                lps22hh_pressure_raw_get
 .text.lps22hh_temperature_raw_get
                0x0000000008005a60       0x4e ./Drivers/BSP/Components/lps22hh/lps22hh_reg.o
                0x0000000008005a60                lps22hh_temperature_raw_get
 .text.lps22hh_device_id_get
                0x0000000008005aae       0x24 ./Drivers/BSP/Components/lps22hh/lps22hh_reg.o
                0x0000000008005aae                lps22hh_device_id_get
 .text.lps22hh_auto_increment_set
                0x0000000008005ad2       0x60 ./Drivers/BSP/Components/lps22hh/lps22hh_reg.o
                0x0000000008005ad2                lps22hh_auto_increment_set
 .text.lps22hh_lp_bandwidth_set
                0x0000000008005b32       0x60 ./Drivers/BSP/Components/lps22hh/lps22hh_reg.o
                0x0000000008005b32                lps22hh_lp_bandwidth_set
 .text.lps22hh_i3c_interface_set
                0x0000000008005b92       0x80 ./Drivers/BSP/Components/lps22hh/lps22hh_reg.o
                0x0000000008005b92                lps22hh_i3c_interface_set
 *fill*         0x0000000008005c12        0x2 
 .text.LSM6DSO_RegisterBusIO
                0x0000000008005c14       0xcc ./Drivers/BSP/Components/lsm6dso/lsm6dso.o
                0x0000000008005c14                LSM6DSO_RegisterBusIO
 .text.LSM6DSO_Init
                0x0000000008005ce0       0xda ./Drivers/BSP/Components/lsm6dso/lsm6dso.o
                0x0000000008005ce0                LSM6DSO_Init
 .text.LSM6DSO_DeInit
                0x0000000008005dba       0x4e ./Drivers/BSP/Components/lsm6dso/lsm6dso.o
                0x0000000008005dba                LSM6DSO_DeInit
 .text.LSM6DSO_ReadID
                0x0000000008005e08       0x2c ./Drivers/BSP/Components/lsm6dso/lsm6dso.o
                0x0000000008005e08                LSM6DSO_ReadID
 .text.LSM6DSO_GetCapabilities
                0x0000000008005e34       0x58 ./Drivers/BSP/Components/lsm6dso/lsm6dso.o
                0x0000000008005e34                LSM6DSO_GetCapabilities
 .text.LSM6DSO_ACC_Enable
                0x0000000008005e8c       0x46 ./Drivers/BSP/Components/lsm6dso/lsm6dso.o
                0x0000000008005e8c                LSM6DSO_ACC_Enable
 .text.LSM6DSO_ACC_Disable
                0x0000000008005ed2       0x5a ./Drivers/BSP/Components/lsm6dso/lsm6dso.o
                0x0000000008005ed2                LSM6DSO_ACC_Disable
 .text.LSM6DSO_ACC_GetSensitivity
                0x0000000008005f2c       0x88 ./Drivers/BSP/Components/lsm6dso/lsm6dso.o
                0x0000000008005f2c                LSM6DSO_ACC_GetSensitivity
 .text.LSM6DSO_ACC_GetOutputDataRate
                0x0000000008005fb4       0xe0 ./Drivers/BSP/Components/lsm6dso/lsm6dso.o
                0x0000000008005fb4                LSM6DSO_ACC_GetOutputDataRate
 .text.LSM6DSO_ACC_SetOutputDataRate
                0x0000000008006094       0x20 ./Drivers/BSP/Components/lsm6dso/lsm6dso.o
                0x0000000008006094                LSM6DSO_ACC_SetOutputDataRate
 .text.LSM6DSO_ACC_SetOutputDataRate_With_Mode
                0x00000000080060b4      0x324 ./Drivers/BSP/Components/lsm6dso/lsm6dso.o
                0x00000000080060b4                LSM6DSO_ACC_SetOutputDataRate_With_Mode
 .text.LSM6DSO_ACC_GetFullScale
                0x00000000080063d8       0x76 ./Drivers/BSP/Components/lsm6dso/lsm6dso.o
                0x00000000080063d8                LSM6DSO_ACC_GetFullScale
 .text.LSM6DSO_ACC_SetFullScale
                0x000000000800644e       0x56 ./Drivers/BSP/Components/lsm6dso/lsm6dso.o
                0x000000000800644e                LSM6DSO_ACC_SetFullScale
 .text.LSM6DSO_ACC_GetAxesRaw
                0x00000000080064a4       0x4e ./Drivers/BSP/Components/lsm6dso/lsm6dso.o
                0x00000000080064a4                LSM6DSO_ACC_GetAxesRaw
 .text.LSM6DSO_ACC_GetAxes
                0x00000000080064f2       0xbe ./Drivers/BSP/Components/lsm6dso/lsm6dso.o
                0x00000000080064f2                LSM6DSO_ACC_GetAxes
 .text.LSM6DSO_GYRO_Enable
                0x00000000080065b0       0x46 ./Drivers/BSP/Components/lsm6dso/lsm6dso.o
                0x00000000080065b0                LSM6DSO_GYRO_Enable
 .text.LSM6DSO_GYRO_Disable
                0x00000000080065f6       0x5a ./Drivers/BSP/Components/lsm6dso/lsm6dso.o
                0x00000000080065f6                LSM6DSO_GYRO_Disable
 .text.LSM6DSO_GYRO_GetSensitivity
                0x0000000008006650       0x90 ./Drivers/BSP/Components/lsm6dso/lsm6dso.o
                0x0000000008006650                LSM6DSO_GYRO_GetSensitivity
 .text.LSM6DSO_GYRO_GetOutputDataRate
                0x00000000080066e0       0xd4 ./Drivers/BSP/Components/lsm6dso/lsm6dso.o
                0x00000000080066e0                LSM6DSO_GYRO_GetOutputDataRate
 .text.LSM6DSO_GYRO_SetOutputDataRate
                0x00000000080067b4       0x20 ./Drivers/BSP/Components/lsm6dso/lsm6dso.o
                0x00000000080067b4                LSM6DSO_GYRO_SetOutputDataRate
 .text.LSM6DSO_GYRO_SetOutputDataRate_With_Mode
                0x00000000080067d4      0x12c ./Drivers/BSP/Components/lsm6dso/lsm6dso.o
                0x00000000080067d4                LSM6DSO_GYRO_SetOutputDataRate_With_Mode
 .text.LSM6DSO_GYRO_GetFullScale
                0x0000000008006900       0x80 ./Drivers/BSP/Components/lsm6dso/lsm6dso.o
                0x0000000008006900                LSM6DSO_GYRO_GetFullScale
 .text.LSM6DSO_GYRO_SetFullScale
                0x0000000008006980       0x68 ./Drivers/BSP/Components/lsm6dso/lsm6dso.o
                0x0000000008006980                LSM6DSO_GYRO_SetFullScale
 .text.LSM6DSO_GYRO_GetAxesRaw
                0x00000000080069e8       0x4e ./Drivers/BSP/Components/lsm6dso/lsm6dso.o
                0x00000000080069e8                LSM6DSO_GYRO_GetAxesRaw
 .text.LSM6DSO_GYRO_GetAxes
                0x0000000008006a36       0xba ./Drivers/BSP/Components/lsm6dso/lsm6dso.o
                0x0000000008006a36                LSM6DSO_GYRO_GetAxes
 .text.LSM6DSO_Write_Reg
                0x0000000008006af0       0x3e ./Drivers/BSP/Components/lsm6dso/lsm6dso.o
                0x0000000008006af0                LSM6DSO_Write_Reg
 *fill*         0x0000000008006b2e        0x2 
 .text.LSM6DSO_ACC_SetOutputDataRate_When_Enabled
                0x0000000008006b30      0x100 ./Drivers/BSP/Components/lsm6dso/lsm6dso.o
 .text.LSM6DSO_ACC_SetOutputDataRate_When_Disabled
                0x0000000008006c30       0xe4 ./Drivers/BSP/Components/lsm6dso/lsm6dso.o
 .text.LSM6DSO_GYRO_SetOutputDataRate_When_Enabled
                0x0000000008006d14       0xec ./Drivers/BSP/Components/lsm6dso/lsm6dso.o
 .text.LSM6DSO_GYRO_SetOutputDataRate_When_Disabled
                0x0000000008006e00       0xd0 ./Drivers/BSP/Components/lsm6dso/lsm6dso.o
 .text.ReadRegWrap
                0x0000000008006ed0       0x44 ./Drivers/BSP/Components/lsm6dso/lsm6dso.o
 .text.WriteRegWrap
                0x0000000008006f14       0x44 ./Drivers/BSP/Components/lsm6dso/lsm6dso.o
 .text.lsm6dso_read_reg
                0x0000000008006f58       0x42 ./Drivers/BSP/Components/lsm6dso/lsm6dso_reg.o
                0x0000000008006f58                lsm6dso_read_reg
 .text.lsm6dso_write_reg
                0x0000000008006f9a       0x42 ./Drivers/BSP/Components/lsm6dso/lsm6dso_reg.o
                0x0000000008006f9a                lsm6dso_write_reg
 .text.lsm6dso_xl_full_scale_set
                0x0000000008006fdc       0x60 ./Drivers/BSP/Components/lsm6dso/lsm6dso_reg.o
                0x0000000008006fdc                lsm6dso_xl_full_scale_set
 .text.lsm6dso_xl_full_scale_get
                0x000000000800703c       0x6e ./Drivers/BSP/Components/lsm6dso/lsm6dso_reg.o
                0x000000000800703c                lsm6dso_xl_full_scale_get
 .text.lsm6dso_xl_data_rate_set
                0x00000000080070aa      0x298 ./Drivers/BSP/Components/lsm6dso/lsm6dso_reg.o
                0x00000000080070aa                lsm6dso_xl_data_rate_set
 *fill*         0x0000000008007342        0x2 
 .text.lsm6dso_xl_data_rate_get
                0x0000000008007344       0xac ./Drivers/BSP/Components/lsm6dso/lsm6dso_reg.o
                0x0000000008007344                lsm6dso_xl_data_rate_get
 .text.lsm6dso_gy_full_scale_set
                0x00000000080073f0       0x60 ./Drivers/BSP/Components/lsm6dso/lsm6dso_reg.o
                0x00000000080073f0                lsm6dso_gy_full_scale_set
 .text.lsm6dso_gy_full_scale_get
                0x0000000008007450       0x74 ./Drivers/BSP/Components/lsm6dso/lsm6dso_reg.o
                0x0000000008007450                lsm6dso_gy_full_scale_get
 .text.lsm6dso_gy_data_rate_set
                0x00000000080074c4      0x298 ./Drivers/BSP/Components/lsm6dso/lsm6dso_reg.o
                0x00000000080074c4                lsm6dso_gy_data_rate_set
 .text.lsm6dso_gy_data_rate_get
                0x000000000800775c       0xa4 ./Drivers/BSP/Components/lsm6dso/lsm6dso_reg.o
                0x000000000800775c                lsm6dso_gy_data_rate_get
 .text.lsm6dso_block_data_update_set
                0x0000000008007800       0x60 ./Drivers/BSP/Components/lsm6dso/lsm6dso_reg.o
                0x0000000008007800                lsm6dso_block_data_update_set
 .text.lsm6dso_angular_rate_raw_get
                0x0000000008007860       0xa6 ./Drivers/BSP/Components/lsm6dso/lsm6dso_reg.o
                0x0000000008007860                lsm6dso_angular_rate_raw_get
 .text.lsm6dso_acceleration_raw_get
                0x0000000008007906       0xa6 ./Drivers/BSP/Components/lsm6dso/lsm6dso_reg.o
                0x0000000008007906                lsm6dso_acceleration_raw_get
 .text.lsm6dso_mem_bank_set
                0x00000000080079ac       0x5c ./Drivers/BSP/Components/lsm6dso/lsm6dso_reg.o
                0x00000000080079ac                lsm6dso_mem_bank_set
 .text.lsm6dso_device_id_get
                0x0000000008007a08       0x24 ./Drivers/BSP/Components/lsm6dso/lsm6dso_reg.o
                0x0000000008007a08                lsm6dso_device_id_get
 .text.lsm6dso_auto_increment_set
                0x0000000008007a2c       0x60 ./Drivers/BSP/Components/lsm6dso/lsm6dso_reg.o
                0x0000000008007a2c                lsm6dso_auto_increment_set
 .text.lsm6dso_i3c_disable_set
                0x0000000008007a8c       0xb6 ./Drivers/BSP/Components/lsm6dso/lsm6dso_reg.o
                0x0000000008007a8c                lsm6dso_i3c_disable_set
 .text.lsm6dso_fifo_mode_set
                0x0000000008007b42       0x60 ./Drivers/BSP/Components/lsm6dso/lsm6dso_reg.o
                0x0000000008007b42                lsm6dso_fifo_mode_set
 .text.lsm6dso_fsm_enable_get
                0x0000000008007ba2       0x4c ./Drivers/BSP/Components/lsm6dso/lsm6dso_reg.o
                0x0000000008007ba2                lsm6dso_fsm_enable_get
 .text.lsm6dso_fsm_data_rate_get
                0x0000000008007bee       0x98 ./Drivers/BSP/Components/lsm6dso/lsm6dso_reg.o
                0x0000000008007bee                lsm6dso_fsm_data_rate_get
 *fill*         0x0000000008007c86        0x2 
 .text.STTS751_RegisterBusIO
                0x0000000008007c88       0x90 ./Drivers/BSP/Components/stts751/stts751.o
                0x0000000008007c88                STTS751_RegisterBusIO
 .text.STTS751_Init
                0x0000000008007d18       0x6e ./Drivers/BSP/Components/stts751/stts751.o
                0x0000000008007d18                STTS751_Init
 .text.STTS751_DeInit
                0x0000000008007d86       0x36 ./Drivers/BSP/Components/stts751/stts751.o
                0x0000000008007d86                STTS751_DeInit
 .text.STTS751_ReadID
                0x0000000008007dbc       0x38 ./Drivers/BSP/Components/stts751/stts751.o
                0x0000000008007dbc                STTS751_ReadID
 .text.STTS751_GetCapabilities
                0x0000000008007df4       0x40 ./Drivers/BSP/Components/stts751/stts751.o
                0x0000000008007df4                STTS751_GetCapabilities
 .text.STTS751_TEMP_Enable
                0x0000000008007e34       0x40 ./Drivers/BSP/Components/stts751/stts751.o
                0x0000000008007e34                STTS751_TEMP_Enable
 .text.STTS751_TEMP_Disable
                0x0000000008007e74       0x58 ./Drivers/BSP/Components/stts751/stts751.o
                0x0000000008007e74                STTS751_TEMP_Disable
 .text.STTS751_TEMP_GetOutputDataRate
                0x0000000008007ecc       0xd0 ./Drivers/BSP/Components/stts751/stts751.o
                0x0000000008007ecc                STTS751_TEMP_GetOutputDataRate
 .text.STTS751_TEMP_SetOutputDataRate
                0x0000000008007f9c      0x158 ./Drivers/BSP/Components/stts751/stts751.o
                0x0000000008007f9c                STTS751_TEMP_SetOutputDataRate
 .text.STTS751_TEMP_GetTemperature
                0x00000000080080f4       0x42 ./Drivers/BSP/Components/stts751/stts751.o
                0x00000000080080f4                STTS751_TEMP_GetTemperature
 .text.ReadRegWrap
                0x0000000008008136       0x96 ./Drivers/BSP/Components/stts751/stts751.o
 .text.WriteRegWrap
                0x00000000080081cc       0x96 ./Drivers/BSP/Components/stts751/stts751.o
 .text.stts751_read_reg
                0x0000000008008262       0x42 ./Drivers/BSP/Components/stts751/stts751_reg.o
                0x0000000008008262                stts751_read_reg
 .text.stts751_write_reg
                0x00000000080082a4       0x42 ./Drivers/BSP/Components/stts751/stts751_reg.o
                0x00000000080082a4                stts751_write_reg
 .text.stts751_from_lsb_to_celsius
                0x00000000080082e6       0x2e ./Drivers/BSP/Components/stts751/stts751_reg.o
                0x00000000080082e6                stts751_from_lsb_to_celsius
 .text.stts751_temp_data_rate_set
                0x0000000008008314       0xde ./Drivers/BSP/Components/stts751/stts751_reg.o
                0x0000000008008314                stts751_temp_data_rate_set
 *fill*         0x00000000080083f2        0x2 
 .text.stts751_temp_data_rate_get
                0x00000000080083f4       0xe8 ./Drivers/BSP/Components/stts751/stts751_reg.o
                0x00000000080083f4                stts751_temp_data_rate_get
 .text.stts751_resolution_set
                0x00000000080084dc       0x60 ./Drivers/BSP/Components/stts751/stts751_reg.o
                0x00000000080084dc                stts751_resolution_set
 .text.stts751_resolution_get
                0x000000000800853c       0x6e ./Drivers/BSP/Components/stts751/stts751_reg.o
                0x000000000800853c                stts751_resolution_get
 .text.stts751_temperature_raw_get
                0x00000000080085aa       0x66 ./Drivers/BSP/Components/stts751/stts751_reg.o
                0x00000000080085aa                stts751_temperature_raw_get
 .text.stts751_pin_event_route_set
                0x0000000008008610       0x5c ./Drivers/BSP/Components/stts751/stts751_reg.o
                0x0000000008008610                stts751_pin_event_route_set
 .text.stts751_device_id_get
                0x000000000800866c       0x54 ./Drivers/BSP/Components/stts751/stts751_reg.o
                0x000000000800866c                stts751_device_id_get
 .text.IKS01A3_ENV_SENSOR_Init
                0x00000000080086c0      0x218 ./Drivers/BSP/IKS01A3/iks01a3_env_sensors.o
                0x00000000080086c0                IKS01A3_ENV_SENSOR_Init
 .text.IKS01A3_ENV_SENSOR_Enable
                0x00000000080088d8       0x84 ./Drivers/BSP/IKS01A3/iks01a3_env_sensors.o
                0x00000000080088d8                IKS01A3_ENV_SENSOR_Enable
 .text.IKS01A3_ENV_SENSOR_Disable
                0x000000000800895c       0x84 ./Drivers/BSP/IKS01A3/iks01a3_env_sensors.o
                0x000000000800895c                IKS01A3_ENV_SENSOR_Disable
 .text.IKS01A3_ENV_SENSOR_GetValue
                0x00000000080089e0       0x88 ./Drivers/BSP/IKS01A3/iks01a3_env_sensors.o
                0x00000000080089e0                IKS01A3_ENV_SENSOR_GetValue
 .text.HTS221_0_Probe
                0x0000000008008a68      0x18c ./Drivers/BSP/IKS01A3/iks01a3_env_sensors.o
 .text.LPS22HH_0_Probe
                0x0000000008008bf4      0x190 ./Drivers/BSP/IKS01A3/iks01a3_env_sensors.o
 .text.STTS751_0_Probe
                0x0000000008008d84      0x15c ./Drivers/BSP/IKS01A3/iks01a3_env_sensors.o
 .text.IKS01A3_MOTION_SENSOR_Init
                0x0000000008008ee0      0x218 ./Drivers/BSP/IKS01A3/iks01a3_motion_sensors.o
                0x0000000008008ee0                IKS01A3_MOTION_SENSOR_Init
 .text.IKS01A3_MOTION_SENSOR_Enable
                0x00000000080090f8       0x84 ./Drivers/BSP/IKS01A3/iks01a3_motion_sensors.o
                0x00000000080090f8                IKS01A3_MOTION_SENSOR_Enable
 .text.IKS01A3_MOTION_SENSOR_Disable
                0x000000000800917c       0x84 ./Drivers/BSP/IKS01A3/iks01a3_motion_sensors.o
                0x000000000800917c                IKS01A3_MOTION_SENSOR_Disable
 .text.IKS01A3_MOTION_SENSOR_GetAxes
                0x0000000008009200       0x88 ./Drivers/BSP/IKS01A3/iks01a3_motion_sensors.o
                0x0000000008009200                IKS01A3_MOTION_SENSOR_GetAxes
 .text.IKS01A3_MOTION_SENSOR_SetOutputDataRate
                0x0000000008009288       0x88 ./Drivers/BSP/IKS01A3/iks01a3_motion_sensors.o
                0x0000000008009288                IKS01A3_MOTION_SENSOR_SetOutputDataRate
 .text.IKS01A3_MOTION_SENSOR_SetFullScale
                0x0000000008009310       0x88 ./Drivers/BSP/IKS01A3/iks01a3_motion_sensors.o
                0x0000000008009310                IKS01A3_MOTION_SENSOR_SetFullScale
 .text.LSM6DSO_0_Probe
                0x0000000008009398      0x18c ./Drivers/BSP/IKS01A3/iks01a3_motion_sensors.o
 .text.LIS2DW12_0_Probe
                0x0000000008009524      0x15c ./Drivers/BSP/IKS01A3/iks01a3_motion_sensors.o
 .text.LIS2MDL_0_Probe
                0x0000000008009680      0x15c ./Drivers/BSP/IKS01A3/iks01a3_motion_sensors.o
 .text.BSP_LED_Init
                0x00000000080097dc       0x28 ./Drivers/BSP/STM32L0xx_Nucleo/stm32l0xx_nucleo.o
                0x00000000080097dc                BSP_LED_Init
 .text.BSP_LED_On
                0x0000000008009804       0x30 ./Drivers/BSP/STM32L0xx_Nucleo/stm32l0xx_nucleo.o
                0x0000000008009804                BSP_LED_On
 .text.BSP_LED_Off
                0x0000000008009834       0x30 ./Drivers/BSP/STM32L0xx_Nucleo/stm32l0xx_nucleo.o
                0x0000000008009834                BSP_LED_Off
 .text.LED_USER_GPIO_Init
                0x0000000008009864       0x88 ./Drivers/BSP/STM32L0xx_Nucleo/stm32l0xx_nucleo.o
 .text.BSP_PB_Init
                0x00000000080098ec       0xb4 ./Drivers/BSP/STM32L0xx_Nucleo/stm32l0xx_nucleo.o
                0x00000000080098ec                BSP_PB_Init
 .text.BSP_PB_GetState
                0x00000000080099a0       0x38 ./Drivers/BSP/STM32L0xx_Nucleo/stm32l0xx_nucleo.o
                0x00000000080099a0                BSP_PB_GetState
 .text.BUTTON_USER_EXTI_Callback
                0x00000000080099d8       0x10 ./Drivers/BSP/STM32L0xx_Nucleo/stm32l0xx_nucleo.o
 .text.BUTTON_USER_GPIO_Init
                0x00000000080099e8       0x78 ./Drivers/BSP/STM32L0xx_Nucleo/stm32l0xx_nucleo.o
 .text.BSP_COM_Init
                0x0000000008009a60       0x84 ./Drivers/BSP/STM32L0xx_Nucleo/stm32l0xx_nucleo.o
                0x0000000008009a60                BSP_COM_Init
 .text.MX_USART2_UART_Init
                0x0000000008009ae4       0x74 ./Drivers/BSP/STM32L0xx_Nucleo/stm32l0xx_nucleo.o
                0x0000000008009ae4                MX_USART2_UART_Init
 .text.USART2_MspInit
                0x0000000008009b58       0xe8 ./Drivers/BSP/STM32L0xx_Nucleo/stm32l0xx_nucleo.o
 .text.HAL_Init
                0x0000000008009c40       0x40 ./Drivers/STM32L0xx_HAL_Driver/Src/stm32l0xx_hal.o
                0x0000000008009c40                HAL_Init
 .text.HAL_InitTick
                0x0000000008009c80       0x68 ./Drivers/STM32L0xx_HAL_Driver/Src/stm32l0xx_hal.o
                0x0000000008009c80                HAL_InitTick
 .text.HAL_IncTick
                0x0000000008009ce8       0x24 ./Drivers/STM32L0xx_HAL_Driver/Src/stm32l0xx_hal.o
                0x0000000008009ce8                HAL_IncTick
 .text.HAL_GetTick
                0x0000000008009d0c       0x14 ./Drivers/STM32L0xx_HAL_Driver/Src/stm32l0xx_hal.o
                0x0000000008009d0c                HAL_GetTick
 .text.HAL_Delay
                0x0000000008009d20       0x48 ./Drivers/STM32L0xx_HAL_Driver/Src/stm32l0xx_hal.o
                0x0000000008009d20                HAL_Delay
 .text.__NVIC_EnableIRQ
                0x0000000008009d68       0x34 ./Drivers/STM32L0xx_HAL_Driver/Src/stm32l0xx_hal_cortex.o
 .text.__NVIC_SetPriority
                0x0000000008009d9c       0xdc ./Drivers/STM32L0xx_HAL_Driver/Src/stm32l0xx_hal_cortex.o
 .text.SysTick_Config
                0x0000000008009e78       0x48 ./Drivers/STM32L0xx_HAL_Driver/Src/stm32l0xx_hal_cortex.o
 .text.HAL_NVIC_SetPriority
                0x0000000008009ec0       0x2a ./Drivers/STM32L0xx_HAL_Driver/Src/stm32l0xx_hal_cortex.o
                0x0000000008009ec0                HAL_NVIC_SetPriority
 .text.HAL_NVIC_EnableIRQ
                0x0000000008009eea       0x20 ./Drivers/STM32L0xx_HAL_Driver/Src/stm32l0xx_hal_cortex.o
                0x0000000008009eea                HAL_NVIC_EnableIRQ
 .text.HAL_SYSTICK_Config
                0x0000000008009f0a       0x1a ./Drivers/STM32L0xx_HAL_Driver/Src/stm32l0xx_hal_cortex.o
                0x0000000008009f0a                HAL_SYSTICK_Config
 .text.HAL_CRC_Init
                0x0000000008009f24       0xcc ./Drivers/STM32L0xx_HAL_Driver/Src/stm32l0xx_hal_crc.o
                0x0000000008009f24                HAL_CRC_Init
 .text.HAL_CRCEx_Polynomial_Set
                0x0000000008009ff0       0xda ./Drivers/STM32L0xx_HAL_Driver/Src/stm32l0xx_hal_crc_ex.o
                0x0000000008009ff0                HAL_CRCEx_Polynomial_Set
 *fill*         0x000000000800a0ca        0x2 
 .text.HAL_DMA_Init
                0x000000000800a0cc       0xf0 ./Drivers/STM32L0xx_HAL_Driver/Src/stm32l0xx_hal_dma.o
                0x000000000800a0cc                HAL_DMA_Init
 .text.HAL_DMA_Start_IT
                0x000000000800a1bc       0xcc ./Drivers/STM32L0xx_HAL_Driver/Src/stm32l0xx_hal_dma.o
                0x000000000800a1bc                HAL_DMA_Start_IT
 .text.HAL_DMA_IRQHandler
                0x000000000800a288      0x15c ./Drivers/STM32L0xx_HAL_Driver/Src/stm32l0xx_hal_dma.o
                0x000000000800a288                HAL_DMA_IRQHandler
 .text.DMA_SetConfig
                0x000000000800a3e4       0x5c ./Drivers/STM32L0xx_HAL_Driver/Src/stm32l0xx_hal_dma.o
 .text.HAL_EXTI_RegisterCallback
                0x000000000800a440       0x42 ./Drivers/STM32L0xx_HAL_Driver/Src/stm32l0xx_hal_exti.o
                0x000000000800a440                HAL_EXTI_RegisterCallback
 .text.HAL_EXTI_GetHandle
                0x000000000800a482       0x24 ./Drivers/STM32L0xx_HAL_Driver/Src/stm32l0xx_hal_exti.o
                0x000000000800a482                HAL_EXTI_GetHandle
 *fill*         0x000000000800a4a6        0x2 
 .text.HAL_EXTI_IRQHandler
                0x000000000800a4a8       0x48 ./Drivers/STM32L0xx_HAL_Driver/Src/stm32l0xx_hal_exti.o
                0x000000000800a4a8                HAL_EXTI_IRQHandler
 .text.HAL_GPIO_Init
                0x000000000800a4f0      0x2fc ./Drivers/STM32L0xx_HAL_Driver/Src/stm32l0xx_hal_gpio.o
                0x000000000800a4f0                HAL_GPIO_Init
 .text.HAL_GPIO_DeInit
                0x000000000800a7ec      0x1c4 ./Drivers/STM32L0xx_HAL_Driver/Src/stm32l0xx_hal_gpio.o
                0x000000000800a7ec                HAL_GPIO_DeInit
 .text.HAL_GPIO_ReadPin
                0x000000000800a9b0       0x3a ./Drivers/STM32L0xx_HAL_Driver/Src/stm32l0xx_hal_gpio.o
                0x000000000800a9b0                HAL_GPIO_ReadPin
 .text.HAL_GPIO_WritePin
                0x000000000800a9ea       0x3a ./Drivers/STM32L0xx_HAL_Driver/Src/stm32l0xx_hal_gpio.o
                0x000000000800a9ea                HAL_GPIO_WritePin
 .text.HAL_I2C_Init
                0x000000000800aa24      0x12c ./Drivers/STM32L0xx_HAL_Driver/Src/stm32l0xx_hal_i2c.o
                0x000000000800aa24                HAL_I2C_Init
 .text.HAL_I2C_DeInit
                0x000000000800ab50       0x60 ./Drivers/STM32L0xx_HAL_Driver/Src/stm32l0xx_hal_i2c.o
                0x000000000800ab50                HAL_I2C_DeInit
 .text.HAL_I2C_MspInit
                0x000000000800abb0       0x10 ./Drivers/STM32L0xx_HAL_Driver/Src/stm32l0xx_hal_i2c.o
                0x000000000800abb0                HAL_I2C_MspInit
 .text.HAL_I2C_MspDeInit
                0x000000000800abc0       0x10 ./Drivers/STM32L0xx_HAL_Driver/Src/stm32l0xx_hal_i2c.o
                0x000000000800abc0                HAL_I2C_MspDeInit
 .text.HAL_I2C_Mem_Write
                0x000000000800abd0      0x25c ./Drivers/STM32L0xx_HAL_Driver/Src/stm32l0xx_hal_i2c.o
                0x000000000800abd0                HAL_I2C_Mem_Write
 .text.HAL_I2C_Mem_Read
                0x000000000800ae2c      0x268 ./Drivers/STM32L0xx_HAL_Driver/Src/stm32l0xx_hal_i2c.o
                0x000000000800ae2c                HAL_I2C_Mem_Read
 .text.HAL_I2C_GetState
                0x000000000800b094       0x18 ./Drivers/STM32L0xx_HAL_Driver/Src/stm32l0xx_hal_i2c.o
                0x000000000800b094                HAL_I2C_GetState
 .text.HAL_I2C_GetError
                0x000000000800b0ac       0x14 ./Drivers/STM32L0xx_HAL_Driver/Src/stm32l0xx_hal_i2c.o
                0x000000000800b0ac                HAL_I2C_GetError
 .text.I2C_RequestMemoryWrite
                0x000000000800b0c0       0xc8 ./Drivers/STM32L0xx_HAL_Driver/Src/stm32l0xx_hal_i2c.o
 .text.I2C_RequestMemoryRead
                0x000000000800b188       0xc4 ./Drivers/STM32L0xx_HAL_Driver/Src/stm32l0xx_hal_i2c.o
 .text.I2C_Flush_TXDR
                0x000000000800b24c       0x44 ./Drivers/STM32L0xx_HAL_Driver/Src/stm32l0xx_hal_i2c.o
 .text.I2C_WaitOnFlagUntilTimeout
                0x000000000800b290       0x7e ./Drivers/STM32L0xx_HAL_Driver/Src/stm32l0xx_hal_i2c.o
 .text.I2C_WaitOnTXISFlagUntilTimeout
                0x000000000800b30e       0x7e ./Drivers/STM32L0xx_HAL_Driver/Src/stm32l0xx_hal_i2c.o
 .text.I2C_WaitOnSTOPFlagUntilTimeout
                0x000000000800b38c       0x78 ./Drivers/STM32L0xx_HAL_Driver/Src/stm32l0xx_hal_i2c.o
 .text.I2C_IsAcknowledgeFailed
                0x000000000800b404       0xf4 ./Drivers/STM32L0xx_HAL_Driver/Src/stm32l0xx_hal_i2c.o
 .text.I2C_TransferConfig
                0x000000000800b4f8       0x6c ./Drivers/STM32L0xx_HAL_Driver/Src/stm32l0xx_hal_i2c.o
 .text.HAL_I2CEx_ConfigAnalogFilter
                0x000000000800b564       0x98 ./Drivers/STM32L0xx_HAL_Driver/Src/stm32l0xx_hal_i2c_ex.o
                0x000000000800b564                HAL_I2CEx_ConfigAnalogFilter
 .text.HAL_I2CEx_ConfigDigitalFilter
                0x000000000800b5fc       0x98 ./Drivers/STM32L0xx_HAL_Driver/Src/stm32l0xx_hal_i2c_ex.o
                0x000000000800b5fc                HAL_I2CEx_ConfigDigitalFilter
 .text.HAL_RCC_OscConfig
                0x000000000800b694      0x7a8 ./Drivers/STM32L0xx_HAL_Driver/Src/stm32l0xx_hal_rcc.o
                0x000000000800b694                HAL_RCC_OscConfig
 .text.HAL_RCC_ClockConfig
                0x000000000800be3c      0x290 ./Drivers/STM32L0xx_HAL_Driver/Src/stm32l0xx_hal_rcc.o
                0x000000000800be3c                HAL_RCC_ClockConfig
 .text.HAL_RCC_GetSysClockFreq
                0x000000000800c0cc      0x14c ./Drivers/STM32L0xx_HAL_Driver/Src/stm32l0xx_hal_rcc.o
                0x000000000800c0cc                HAL_RCC_GetSysClockFreq
 .text.HAL_RCC_GetHCLKFreq
                0x000000000800c218       0x14 ./Drivers/STM32L0xx_HAL_Driver/Src/stm32l0xx_hal_rcc.o
                0x000000000800c218                HAL_RCC_GetHCLKFreq
 .text.HAL_RCC_GetPCLK1Freq
                0x000000000800c22c       0x2c ./Drivers/STM32L0xx_HAL_Driver/Src/stm32l0xx_hal_rcc.o
                0x000000000800c22c                HAL_RCC_GetPCLK1Freq
 .text.HAL_RCC_GetPCLK2Freq
                0x000000000800c258       0x2c ./Drivers/STM32L0xx_HAL_Driver/Src/stm32l0xx_hal_rcc.o
                0x000000000800c258                HAL_RCC_GetPCLK2Freq
 .text.HAL_RCCEx_PeriphCLKConfig
                0x000000000800c284      0x2e8 ./Drivers/STM32L0xx_HAL_Driver/Src/stm32l0xx_hal_rcc_ex.o
                0x000000000800c284                HAL_RCCEx_PeriphCLKConfig
 .text.HAL_RTC_Init
                0x000000000800c56c      0x13c ./Drivers/STM32L0xx_HAL_Driver/Src/stm32l0xx_hal_rtc.o
                0x000000000800c56c                HAL_RTC_Init
 .text.HAL_RTC_SetTime
                0x000000000800c6a8      0x188 ./Drivers/STM32L0xx_HAL_Driver/Src/stm32l0xx_hal_rtc.o
                0x000000000800c6a8                HAL_RTC_SetTime
 .text.HAL_RTC_GetTime
                0x000000000800c830       0xb8 ./Drivers/STM32L0xx_HAL_Driver/Src/stm32l0xx_hal_rtc.o
                0x000000000800c830                HAL_RTC_GetTime
 .text.HAL_RTC_SetDate
                0x000000000800c8e8      0x15c ./Drivers/STM32L0xx_HAL_Driver/Src/stm32l0xx_hal_rtc.o
                0x000000000800c8e8                HAL_RTC_SetDate
 .text.HAL_RTC_GetDate
                0x000000000800ca44       0x9c ./Drivers/STM32L0xx_HAL_Driver/Src/stm32l0xx_hal_rtc.o
                0x000000000800ca44                HAL_RTC_GetDate
 .text.HAL_RTC_WaitForSynchro
                0x000000000800cae0       0x4e ./Drivers/STM32L0xx_HAL_Driver/Src/stm32l0xx_hal_rtc.o
                0x000000000800cae0                HAL_RTC_WaitForSynchro
 .text.RTC_EnterInitMode
                0x000000000800cb2e       0x54 ./Drivers/STM32L0xx_HAL_Driver/Src/stm32l0xx_hal_rtc.o
                0x000000000800cb2e                RTC_EnterInitMode
 .text.RTC_ByteToBcd2
                0x000000000800cb82       0x50 ./Drivers/STM32L0xx_HAL_Driver/Src/stm32l0xx_hal_rtc.o
                0x000000000800cb82                RTC_ByteToBcd2
 .text.RTC_Bcd2ToByte
                0x000000000800cbd2       0x3a ./Drivers/STM32L0xx_HAL_Driver/Src/stm32l0xx_hal_rtc.o
                0x000000000800cbd2                RTC_Bcd2ToByte
 .text.HAL_UART_Init
                0x000000000800cc0c       0xa8 ./Drivers/STM32L0xx_HAL_Driver/Src/stm32l0xx_hal_uart.o
                0x000000000800cc0c                HAL_UART_Init
 .text.HAL_UART_MspInit
                0x000000000800ccb4       0x10 ./Drivers/STM32L0xx_HAL_Driver/Src/stm32l0xx_hal_uart.o
                0x000000000800ccb4                HAL_UART_MspInit
 .text.HAL_UART_Transmit
                0x000000000800ccc4      0x150 ./Drivers/STM32L0xx_HAL_Driver/Src/stm32l0xx_hal_uart.o
                0x000000000800ccc4                HAL_UART_Transmit
 .text.HAL_UART_Receive_DMA
                0x000000000800ce14       0xd0 ./Drivers/STM32L0xx_HAL_Driver/Src/stm32l0xx_hal_uart.o
                0x000000000800ce14                HAL_UART_Receive_DMA
 .text.HAL_UART_RxCpltCallback
                0x000000000800cee4       0x10 ./Drivers/STM32L0xx_HAL_Driver/Src/stm32l0xx_hal_uart.o
                0x000000000800cee4                HAL_UART_RxCpltCallback
 .text.HAL_UART_RxHalfCpltCallback
                0x000000000800cef4       0x10 ./Drivers/STM32L0xx_HAL_Driver/Src/stm32l0xx_hal_uart.o
                0x000000000800cef4                HAL_UART_RxHalfCpltCallback
 .text.HAL_UART_ErrorCallback
                0x000000000800cf04       0x10 ./Drivers/STM32L0xx_HAL_Driver/Src/stm32l0xx_hal_uart.o
                0x000000000800cf04                HAL_UART_ErrorCallback
 .text.HAL_UARTEx_RxEventCallback
                0x000000000800cf14       0x16 ./Drivers/STM32L0xx_HAL_Driver/Src/stm32l0xx_hal_uart.o
                0x000000000800cf14                HAL_UARTEx_RxEventCallback
 *fill*         0x000000000800cf2a        0x2 
 .text.UART_SetConfig
                0x000000000800cf2c      0x540 ./Drivers/STM32L0xx_HAL_Driver/Src/stm32l0xx_hal_uart.o
                0x000000000800cf2c                UART_SetConfig
 .text.UART_AdvFeatureConfig
                0x000000000800d46c      0x168 ./Drivers/STM32L0xx_HAL_Driver/Src/stm32l0xx_hal_uart.o
                0x000000000800d46c                UART_AdvFeatureConfig
 .text.UART_CheckIdleState
                0x000000000800d5d4       0x90 ./Drivers/STM32L0xx_HAL_Driver/Src/stm32l0xx_hal_uart.o
                0x000000000800d5d4                UART_CheckIdleState
 .text.UART_WaitOnFlagUntilTimeout
                0x000000000800d664      0x188 ./Drivers/STM32L0xx_HAL_Driver/Src/stm32l0xx_hal_uart.o
                0x000000000800d664                UART_WaitOnFlagUntilTimeout
 .text.UART_Start_Receive_DMA
                0x000000000800d7ec      0x144 ./Drivers/STM32L0xx_HAL_Driver/Src/stm32l0xx_hal_uart.o
                0x000000000800d7ec                UART_Start_Receive_DMA
 .text.UART_EndTxTransfer
                0x000000000800d930       0x48 ./Drivers/STM32L0xx_HAL_Driver/Src/stm32l0xx_hal_uart.o
 .text.UART_EndRxTransfer
                0x000000000800d978       0xc4 ./Drivers/STM32L0xx_HAL_Driver/Src/stm32l0xx_hal_uart.o
 .text.UART_DMAReceiveCplt
                0x000000000800da3c      0x128 ./Drivers/STM32L0xx_HAL_Driver/Src/stm32l0xx_hal_uart.o
 .text.UART_DMARxHalfCplt
                0x000000000800db64       0x3c ./Drivers/STM32L0xx_HAL_Driver/Src/stm32l0xx_hal_uart.o
 .text.UART_DMAError
                0x000000000800dba0       0x82 ./Drivers/STM32L0xx_HAL_Driver/Src/stm32l0xx_hal_uart.o
 .text.MX_MEMS_Init
                0x000000000800dc22        0xe ./MEMS/App/app_mems.o
                0x000000000800dc22                MX_MEMS_Init
 .text.MX_MEMS_Process
                0x000000000800dc30       0x18 ./MEMS/App/app_mems.o
                0x000000000800dc30                MX_MEMS_Process
 .text.MX_DataLogFusion_Init
                0x000000000800dc48       0xec ./MEMS/App/app_mems.o
 .text.MX_DataLogFusion_Process
                0x000000000800dd34      0x16c ./MEMS/App/app_mems.o
 .text.Init_Sensors
                0x000000000800dea0       0x34 ./MEMS/App/app_mems.o
 .text.RTC_Handler
                0x000000000800ded4       0xf0 ./MEMS/App/app_mems.o
 .text.FX_Data_Handler
                0x000000000800dfc4      0x2b4 ./MEMS/App/app_mems.o
 .text.BSP_PB_Callback
                0x000000000800e278       0x20 ./MEMS/App/app_mems.o
                0x000000000800e278                BSP_PB_Callback
 .text.Accelero_Sensor_Handler
                0x000000000800e298       0xb4 ./MEMS/App/app_mems.o
 .text.Gyro_Sensor_Handler
                0x000000000800e34c       0xb4 ./MEMS/App/app_mems.o
 .text.Magneto_Sensor_Handler
                0x000000000800e400      0x1c8 ./MEMS/App/app_mems.o
 .text.Pressure_Sensor_Handler
                0x000000000800e5c8       0x64 ./MEMS/App/app_mems.o
 .text.Temperature_Sensor_Handler
                0x000000000800e62c       0x70 ./MEMS/App/app_mems.o
 .text.Humidity_Sensor_Handler
                0x000000000800e69c       0x70 ./MEMS/App/app_mems.o
 .text.UART_ReceivedMSG
                0x000000000800e70c      0x220 ./MEMS/Target/com.o
                0x000000000800e70c                UART_ReceivedMSG
 .text.UART_SendMsg
                0x000000000800e92c       0x48 ./MEMS/Target/com.o
                0x000000000800e92c                UART_SendMsg
 .text.UART_StartReceiveMsg
                0x000000000800e974       0x38 ./MEMS/Target/com.o
                0x000000000800e974                UART_StartReceiveMsg
 .text.Get_DMA_Flag_Status
                0x000000000800e9ac       0x94 ./MEMS/Target/com.o
 .text.Get_DMA_Counter
                0x000000000800ea40       0x16 ./MEMS/Target/com.o
 .text.BUILD_REPLY_HEADER
                0x000000000800ea56       0x2a ./MEMS/Target/demo_serial.o
                0x000000000800ea56                BUILD_REPLY_HEADER
 .text.INIT_STREAMING_HEADER
                0x000000000800ea80       0x30 ./MEMS/Target/demo_serial.o
                0x000000000800ea80                INIT_STREAMING_HEADER
 .text.HandleMSG
                0x000000000800eab0      0x6a4 ./MEMS/Target/demo_serial.o
                0x000000000800eab0                HandleMSG
 .text.RTC_DateRegulate
                0x000000000800f154       0x68 ./MEMS/Target/demo_serial.o
                0x000000000800f154                RTC_DateRegulate
 .text.RTC_TimeRegulate
                0x000000000800f1bc       0x70 ./MEMS/Target/demo_serial.o
                0x000000000800f1bc                RTC_TimeRegulate
 .text.Get_PresentationString
                0x000000000800f22c       0x78 ./MEMS/Target/demo_serial.o
                0x000000000800f22c                Get_PresentationString
 .text.BSP_SENSOR_ACC_Init
                0x000000000800f2a4       0x12 ./MEMS/Target/iks01a3_mems_control.o
                0x000000000800f2a4                BSP_SENSOR_ACC_Init
 .text.BSP_SENSOR_GYR_Init
                0x000000000800f2b6       0x12 ./MEMS/Target/iks01a3_mems_control.o
                0x000000000800f2b6                BSP_SENSOR_GYR_Init
 .text.BSP_SENSOR_MAG_Init
                0x000000000800f2c8       0x12 ./MEMS/Target/iks01a3_mems_control.o
                0x000000000800f2c8                BSP_SENSOR_MAG_Init
 .text.BSP_SENSOR_PRESS_Init
                0x000000000800f2da       0x12 ./MEMS/Target/iks01a3_mems_control.o
                0x000000000800f2da                BSP_SENSOR_PRESS_Init
 .text.BSP_SENSOR_TEMP_Init
                0x000000000800f2ec       0x12 ./MEMS/Target/iks01a3_mems_control.o
                0x000000000800f2ec                BSP_SENSOR_TEMP_Init
 .text.BSP_SENSOR_HUM_Init
                0x000000000800f2fe       0x12 ./MEMS/Target/iks01a3_mems_control.o
                0x000000000800f2fe                BSP_SENSOR_HUM_Init
 .text.BSP_SENSOR_ACC_Enable
                0x000000000800f310       0x12 ./MEMS/Target/iks01a3_mems_control.o
                0x000000000800f310                BSP_SENSOR_ACC_Enable
 .text.BSP_SENSOR_GYR_Enable
                0x000000000800f322       0x12 ./MEMS/Target/iks01a3_mems_control.o
                0x000000000800f322                BSP_SENSOR_GYR_Enable
 .text.BSP_SENSOR_MAG_Enable
                0x000000000800f334       0x12 ./MEMS/Target/iks01a3_mems_control.o
                0x000000000800f334                BSP_SENSOR_MAG_Enable
 .text.BSP_SENSOR_PRESS_Enable
                0x000000000800f346       0x12 ./MEMS/Target/iks01a3_mems_control.o
                0x000000000800f346                BSP_SENSOR_PRESS_Enable
 .text.BSP_SENSOR_TEMP_Enable
                0x000000000800f358       0x12 ./MEMS/Target/iks01a3_mems_control.o
                0x000000000800f358                BSP_SENSOR_TEMP_Enable
 .text.BSP_SENSOR_HUM_Enable
                0x000000000800f36a       0x12 ./MEMS/Target/iks01a3_mems_control.o
                0x000000000800f36a                BSP_SENSOR_HUM_Enable
 .text.BSP_SENSOR_ACC_Disable
                0x000000000800f37c       0x12 ./MEMS/Target/iks01a3_mems_control.o
                0x000000000800f37c                BSP_SENSOR_ACC_Disable
 .text.BSP_SENSOR_GYR_Disable
                0x000000000800f38e       0x12 ./MEMS/Target/iks01a3_mems_control.o
                0x000000000800f38e                BSP_SENSOR_GYR_Disable
 .text.BSP_SENSOR_MAG_Disable
                0x000000000800f3a0       0x12 ./MEMS/Target/iks01a3_mems_control.o
                0x000000000800f3a0                BSP_SENSOR_MAG_Disable
 .text.BSP_SENSOR_PRESS_Disable
                0x000000000800f3b2       0x12 ./MEMS/Target/iks01a3_mems_control.o
                0x000000000800f3b2                BSP_SENSOR_PRESS_Disable
 .text.BSP_SENSOR_TEMP_Disable
                0x000000000800f3c4       0x12 ./MEMS/Target/iks01a3_mems_control.o
                0x000000000800f3c4                BSP_SENSOR_TEMP_Disable
 .text.BSP_SENSOR_HUM_Disable
                0x000000000800f3d6       0x12 ./MEMS/Target/iks01a3_mems_control.o
                0x000000000800f3d6                BSP_SENSOR_HUM_Disable
 .text.BSP_SENSOR_ACC_GetAxes
                0x000000000800f3e8       0x1c ./MEMS/Target/iks01a3_mems_control.o
                0x000000000800f3e8                BSP_SENSOR_ACC_GetAxes
 .text.BSP_SENSOR_GYR_GetAxes
                0x000000000800f404       0x1c ./MEMS/Target/iks01a3_mems_control.o
                0x000000000800f404                BSP_SENSOR_GYR_GetAxes
 .text.BSP_SENSOR_MAG_GetAxes
                0x000000000800f420       0x1c ./MEMS/Target/iks01a3_mems_control.o
                0x000000000800f420                BSP_SENSOR_MAG_GetAxes
 .text.BSP_SENSOR_PRESS_GetValue
                0x000000000800f43c       0x1c ./MEMS/Target/iks01a3_mems_control.o
                0x000000000800f43c                BSP_SENSOR_PRESS_GetValue
 .text.BSP_SENSOR_TEMP_GetValue
                0x000000000800f458       0x1c ./MEMS/Target/iks01a3_mems_control.o
                0x000000000800f458                BSP_SENSOR_TEMP_GetValue
 .text.BSP_SENSOR_HUM_GetValue
                0x000000000800f474       0x1c ./MEMS/Target/iks01a3_mems_control.o
                0x000000000800f474                BSP_SENSOR_HUM_GetValue
 .text.BSP_SENSOR_ACC_SetOutputDataRate
                0x000000000800f490       0x1c ./MEMS/Target/iks01a3_mems_control.o
                0x000000000800f490                BSP_SENSOR_ACC_SetOutputDataRate
 .text.BSP_SENSOR_ACC_SetFullScale
                0x000000000800f4ac       0x1c ./MEMS/Target/iks01a3_mems_control.o
                0x000000000800f4ac                BSP_SENSOR_ACC_SetFullScale
 .text.BSP_SENSOR_ACC_GetOrientation
                0x000000000800f4c8       0x26 ./MEMS/Target/iks01a3_mems_control_ex.o
                0x000000000800f4c8                BSP_SENSOR_ACC_GetOrientation
 .text.BSP_SENSOR_GYR_GetOrientation
                0x000000000800f4ee       0x26 ./MEMS/Target/iks01a3_mems_control_ex.o
                0x000000000800f4ee                BSP_SENSOR_GYR_GetOrientation
 .text.BSP_SENSOR_MAG_GetOrientation
                0x000000000800f514       0x26 ./MEMS/Target/iks01a3_mems_control_ex.o
                0x000000000800f514                BSP_SENSOR_MAG_GetOrientation
 .text.MotionFX_manager_init
                0x000000000800f53a       0x54 ./MEMS/Target/motion_fx_manager.o
                0x000000000800f53a                MotionFX_manager_init
 *fill*         0x000000000800f58e        0x2 
 .text.MotionFX_manager_run
                0x000000000800f590       0x40 ./MEMS/Target/motion_fx_manager.o
                0x000000000800f590                MotionFX_manager_run
 .text.MotionFX_manager_start_6X
                0x000000000800f5d0       0x10 ./MEMS/Target/motion_fx_manager.o
                0x000000000800f5d0                MotionFX_manager_start_6X
 .text.MotionFX_manager_stop_6X
                0x000000000800f5e0       0x10 ./MEMS/Target/motion_fx_manager.o
                0x000000000800f5e0                MotionFX_manager_stop_6X
 .text.MotionFX_manager_start_9X
                0x000000000800f5f0       0x10 ./MEMS/Target/motion_fx_manager.o
                0x000000000800f5f0                MotionFX_manager_start_9X
 .text.MotionFX_manager_stop_9X
                0x000000000800f600       0x10 ./MEMS/Target/motion_fx_manager.o
                0x000000000800f600                MotionFX_manager_stop_9X
 .text.MotionFX_manager_get_version
                0x000000000800f610       0x22 ./MEMS/Target/motion_fx_manager.o
                0x000000000800f610                MotionFX_manager_get_version
 .text.MotionFX_manager_MagCal_run
                0x000000000800f632       0x22 ./MEMS/Target/motion_fx_manager.o
                0x000000000800f632                MotionFX_manager_MagCal_run
 .text.MotionFX_manager_MagCal_start
                0x000000000800f654       0x1a ./MEMS/Target/motion_fx_manager.o
                0x000000000800f654                MotionFX_manager_MagCal_start
 .text.MotionFX_manager_MagCal_stop
                0x000000000800f66e       0x1a ./MEMS/Target/motion_fx_manager.o
                0x000000000800f66e                MotionFX_manager_MagCal_stop
 .text.ByteStuffCopyByte
                0x000000000800f688       0x58 ./MEMS/Target/serial_protocol.o
                0x000000000800f688                ByteStuffCopyByte
 .text.ByteStuffCopy
                0x000000000800f6e0       0x5c ./MEMS/Target/serial_protocol.o
                0x000000000800f6e0                ByteStuffCopy
 .text.ReverseByteStuffCopyByte2
                0x000000000800f73c       0x56 ./MEMS/Target/serial_protocol.o
                0x000000000800f73c                ReverseByteStuffCopyByte2
 .text.CHK_ComputeAndAdd
                0x000000000800f792       0x5e ./MEMS/Target/serial_protocol.o
                0x000000000800f792                CHK_ComputeAndAdd
 .text.CHK_CheckAndRemove
                0x000000000800f7f0       0x5a ./MEMS/Target/serial_protocol.o
                0x000000000800f7f0                CHK_CheckAndRemove
 .text.Deserialize
                0x000000000800f84a       0x48 ./MEMS/Target/serial_protocol.o
                0x000000000800f84a                Deserialize
 .text.Serialize_s32
                0x000000000800f892       0x44 ./MEMS/Target/serial_protocol.o
                0x000000000800f892                Serialize_s32
 *fill*         0x000000000800f8d6        0x2 
 .text.rotate   0x000000000800f8d8       0xcc ../Middlewares/ST/STM32_MotionFX_Library/Lib\MotionFX_CM0P_wc32_ot.a(motion_fx_cm0p.o)
 .text.inemo_set_orientation
                0x000000000800f9a4       0xf4 ../Middlewares/ST/STM32_MotionFX_Library/Lib\MotionFX_CM0P_wc32_ot.a(motion_fx_cm0p.o)
 .text.quat_mult
                0x000000000800fa98      0x114 ../Middlewares/ST/STM32_MotionFX_Library/Lib\MotionFX_CM0P_wc32_ot.a(motion_fx_cm0p.o)
 .text.quat_rot
                0x000000000800fbac       0xcc ../Middlewares/ST/STM32_MotionFX_Library/Lib\MotionFX_CM0P_wc32_ot.a(motion_fx_cm0p.o)
 .text.quat_2_euler
                0x000000000800fc78      0x154 ../Middlewares/ST/STM32_MotionFX_Library/Lib\MotionFX_CM0P_wc32_ot.a(motion_fx_cm0p.o)
 .text.update_accel
                0x000000000800fdcc      0x1a0 ../Middlewares/ST/STM32_MotionFX_Library/Lib\MotionFX_CM0P_wc32_ot.a(motion_fx_cm0p.o)
 .text.calibrate
                0x000000000800ff6c     0x16d8 ../Middlewares/ST/STM32_MotionFX_Library/Lib\MotionFX_CM0P_wc32_ot.a(motion_fx_cm0p.o)
 .text.update_gyro
                0x0000000008011644      0x400 ../Middlewares/ST/STM32_MotionFX_Library/Lib\MotionFX_CM0P_wc32_ot.a(motion_fx_cm0p.o)
 .text.update_fusion
                0x0000000008011a44      0x30c ../Middlewares/ST/STM32_MotionFX_Library/Lib\MotionFX_CM0P_wc32_ot.a(motion_fx_cm0p.o)
 .text.MotionFX_CM0P_initialize