../MEMS/Target/iks01a3_mems_control.c:26:6:BSP_SENSOR_ACC_Init	8	static
../MEMS/Target/iks01a3_mems_control.c:36:6:BSP_SENSOR_GYR_Init	8	static
../MEMS/Target/iks01a3_mems_control.c:46:6:BSP_SENSOR_MAG_Init	8	static
../MEMS/Target/iks01a3_mems_control.c:56:6:BSP_SENSOR_PRESS_Init	8	static
../MEMS/Target/iks01a3_mems_control.c:66:6:BSP_SENSOR_TEMP_Init	8	static
../MEMS/Target/iks01a3_mems_control.c:76:6:BSP_SENSOR_HUM_Init	8	static
../MEMS/Target/iks01a3_mems_control.c:86:6:BSP_SENSOR_ACC_Enable	8	static
../MEMS/Target/iks01a3_mems_control.c:96:6:BSP_SENSOR_GYR_Enable	8	static
../MEMS/Target/iks01a3_mems_control.c:106:6:BSP_SENSOR_MAG_Enable	8	static
../MEMS/Target/iks01a3_mems_control.c:116:6:BSP_SENSOR_PRESS_Enable	8	static
../MEMS/Target/iks01a3_mems_control.c:126:6:BSP_SENSOR_TEMP_Enable	8	static
../MEMS/Target/iks01a3_mems_control.c:136:6:BSP_SENSOR_HUM_Enable	8	static
../MEMS/Target/iks01a3_mems_control.c:146:6:BSP_SENSOR_ACC_Disable	8	static
../MEMS/Target/iks01a3_mems_control.c:156:6:BSP_SENSOR_GYR_Disable	8	static
../MEMS/Target/iks01a3_mems_control.c:166:6:BSP_SENSOR_MAG_Disable	8	static
../MEMS/Target/iks01a3_mems_control.c:176:6:BSP_SENSOR_PRESS_Disable	8	static
../MEMS/Target/iks01a3_mems_control.c:186:6:BSP_SENSOR_TEMP_Disable	8	static
../MEMS/Target/iks01a3_mems_control.c:196:6:BSP_SENSOR_HUM_Disable	8	static
../MEMS/Target/iks01a3_mems_control.c:206:6:BSP_SENSOR_ACC_GetAxes	16	static
../MEMS/Target/iks01a3_mems_control.c:216:6:BSP_SENSOR_GYR_GetAxes	16	static
../MEMS/Target/iks01a3_mems_control.c:226:6:BSP_SENSOR_MAG_GetAxes	16	static
../MEMS/Target/iks01a3_mems_control.c:236:6:BSP_SENSOR_PRESS_GetValue	16	static
../MEMS/Target/iks01a3_mems_control.c:246:6:BSP_SENSOR_TEMP_GetValue	16	static
../MEMS/Target/iks01a3_mems_control.c:256:6:BSP_SENSOR_HUM_GetValue	16	static
../MEMS/Target/iks01a3_mems_control.c:266:6:BSP_SENSOR_ACC_SetOutputDataRate	16	static
../MEMS/Target/iks01a3_mems_control.c:276:6:BSP_SENSOR_GYR_SetOutputDataRate	16	static
../MEMS/Target/iks01a3_mems_control.c:286:6:BSP_SENSOR_MAG_SetOutputDataRate	16	static
../MEMS/Target/iks01a3_mems_control.c:296:6:BSP_SENSOR_PRESS_SetOutputDataRate	16	static
../MEMS/Target/iks01a3_mems_control.c:306:6:BSP_SENSOR_TEMP_SetOutputDataRate	16	static
../MEMS/Target/iks01a3_mems_control.c:316:6:BSP_SENSOR_HUM_SetOutputDataRate	16	static
../MEMS/Target/iks01a3_mems_control.c:326:6:BSP_SENSOR_ACC_GetOutputDataRate	16	static
../MEMS/Target/iks01a3_mems_control.c:336:6:BSP_SENSOR_GYR_GetOutputDataRate	16	static
../MEMS/Target/iks01a3_mems_control.c:346:6:BSP_SENSOR_MAG_GetOutputDataRate	16	static
../MEMS/Target/iks01a3_mems_control.c:356:6:BSP_SENSOR_PRESS_GetOutputDataRate	16	static
../MEMS/Target/iks01a3_mems_control.c:366:6:BSP_SENSOR_TEMP_GetOutputDataRate	16	static
../MEMS/Target/iks01a3_mems_control.c:376:6:BSP_SENSOR_HUM_GetOutputDataRate	16	static
../MEMS/Target/iks01a3_mems_control.c:386:6:BSP_SENSOR_ACC_SetFullScale	16	static
../MEMS/Target/iks01a3_mems_control.c:396:6:BSP_SENSOR_GYR_SetFullScale	16	static
../MEMS/Target/iks01a3_mems_control.c:406:6:BSP_SENSOR_MAG_SetFullScale	16	static
../MEMS/Target/iks01a3_mems_control.c:416:6:BSP_SENSOR_ACC_GetFullScale	16	static
../MEMS/Target/iks01a3_mems_control.c:426:6:BSP_SENSOR_GYR_GetFullScale	16	static
../MEMS/Target/iks01a3_mems_control.c:436:6:BSP_SENSOR_MAG_GetFullScale	16	static
